Archive member included to satisfy reference by file (symbol)

c:/program files (x86)/arm gnu toolchain arm-none-eabi/12.2 mpacbti-rel1/bin/../lib/gcc/arm-none-eabi/12.2.1/thumb/v7e-m+fp/hard\libgcc.a(_arm_muldf3.o)
                              build/main.o (__aeabi_dmul)
c:/program files (x86)/arm gnu toolchain arm-none-eabi/12.2 mpacbti-rel1/bin/../lib/gcc/arm-none-eabi/12.2.1/thumb/v7e-m+fp/hard\libgcc.a(_arm_addsubdf3.o)
                              build/main.o (__aeabi_ui2d)
c:/program files (x86)/arm gnu toolchain arm-none-eabi/12.2 mpacbti-rel1/bin/../lib/gcc/arm-none-eabi/12.2.1/thumb/v7e-m+fp/hard\libgcc.a(_arm_muldivdf3.o)
                              build/main.o (__aeabi_ddiv)
c:/program files (x86)/arm gnu toolchain arm-none-eabi/12.2 mpacbti-rel1/bin/../lib/gcc/arm-none-eabi/12.2.1/thumb/v7e-m+fp/hard\libgcc.a(_arm_truncdfsf2.o)
                              build/main.o (__aeabi_d2f)
c:/program files (x86)/arm gnu toolchain arm-none-eabi/12.2 mpacbti-rel1/bin/../lib/gcc/arm-none-eabi/12.2.1/thumb/v7e-m+fp/hard\libc_nano.a(libc_a-exit.o)
                              c:/program files (x86)/arm gnu toolchain arm-none-eabi/12.2 mpacbti-rel1/bin/../lib/gcc/arm-none-eabi/12.2.1/thumb/v7e-m+fp/hard/crt0.o (exit)
c:/program files (x86)/arm gnu toolchain arm-none-eabi/12.2 mpacbti-rel1/bin/../lib/gcc/arm-none-eabi/12.2.1/thumb/v7e-m+fp/hard\libc_nano.a(libc_a-findfp.o)
                              c:/program files (x86)/arm gnu toolchain arm-none-eabi/12.2 mpacbti-rel1/bin/../lib/gcc/arm-none-eabi/12.2.1/thumb/v7e-m+fp/hard\libc_nano.a(libc_a-exit.o) (__stdio_exit_handler)
c:/program files (x86)/arm gnu toolchain arm-none-eabi/12.2 mpacbti-rel1/bin/../lib/gcc/arm-none-eabi/12.2.1/thumb/v7e-m+fp/hard\libc_nano.a(libc_a-fwalk.o)
                              c:/program files (x86)/arm gnu toolchain arm-none-eabi/12.2 mpacbti-rel1/bin/../lib/gcc/arm-none-eabi/12.2.1/thumb/v7e-m+fp/hard\libc_nano.a(libc_a-findfp.o) (_fwalk_sglue)
c:/program files (x86)/arm gnu toolchain arm-none-eabi/12.2 mpacbti-rel1/bin/../lib/gcc/arm-none-eabi/12.2.1/thumb/v7e-m+fp/hard\libc_nano.a(libc_a-stdio.o)
                              c:/program files (x86)/arm gnu toolchain arm-none-eabi/12.2 mpacbti-rel1/bin/../lib/gcc/arm-none-eabi/12.2.1/thumb/v7e-m+fp/hard\libc_nano.a(libc_a-findfp.o) (__sread)
c:/program files (x86)/arm gnu toolchain arm-none-eabi/12.2 mpacbti-rel1/bin/../lib/gcc/arm-none-eabi/12.2.1/thumb/v7e-m+fp/hard\libc_nano.a(libc_a-vsprintf.o)
                              build/main.o (vsprintf)
c:/program files (x86)/arm gnu toolchain arm-none-eabi/12.2 mpacbti-rel1/bin/../lib/gcc/arm-none-eabi/12.2.1/thumb/v7e-m+fp/hard\libc_nano.a(libc_a-memset.o)
                              c:/program files (x86)/arm gnu toolchain arm-none-eabi/12.2 mpacbti-rel1/bin/../lib/gcc/arm-none-eabi/12.2.1/thumb/v7e-m+fp/hard/crt0.o (memset)
c:/program files (x86)/arm gnu toolchain arm-none-eabi/12.2 mpacbti-rel1/bin/../lib/gcc/arm-none-eabi/12.2.1/thumb/v7e-m+fp/hard\libc_nano.a(libc_a-closer.o)
                              c:/program files (x86)/arm gnu toolchain arm-none-eabi/12.2 mpacbti-rel1/bin/../lib/gcc/arm-none-eabi/12.2.1/thumb/v7e-m+fp/hard\libc_nano.a(libc_a-stdio.o) (_close_r)
c:/program files (x86)/arm gnu toolchain arm-none-eabi/12.2 mpacbti-rel1/bin/../lib/gcc/arm-none-eabi/12.2.1/thumb/v7e-m+fp/hard\libc_nano.a(libc_a-reent.o)
                              c:/program files (x86)/arm gnu toolchain arm-none-eabi/12.2 mpacbti-rel1/bin/../lib/gcc/arm-none-eabi/12.2.1/thumb/v7e-m+fp/hard\libc_nano.a(libc_a-closer.o) (errno)
c:/program files (x86)/arm gnu toolchain arm-none-eabi/12.2 mpacbti-rel1/bin/../lib/gcc/arm-none-eabi/12.2.1/thumb/v7e-m+fp/hard\libc_nano.a(libc_a-impure.o)
                              c:/program files (x86)/arm gnu toolchain arm-none-eabi/12.2 mpacbti-rel1/bin/../lib/gcc/arm-none-eabi/12.2.1/thumb/v7e-m+fp/hard\libc_nano.a(libc_a-vsprintf.o) (_impure_ptr)
c:/program files (x86)/arm gnu toolchain arm-none-eabi/12.2 mpacbti-rel1/bin/../lib/gcc/arm-none-eabi/12.2.1/thumb/v7e-m+fp/hard\libc_nano.a(libc_a-lseekr.o)
                              c:/program files (x86)/arm gnu toolchain arm-none-eabi/12.2 mpacbti-rel1/bin/../lib/gcc/arm-none-eabi/12.2.1/thumb/v7e-m+fp/hard\libc_nano.a(libc_a-stdio.o) (_lseek_r)
c:/program files (x86)/arm gnu toolchain arm-none-eabi/12.2 mpacbti-rel1/bin/../lib/gcc/arm-none-eabi/12.2.1/thumb/v7e-m+fp/hard\libc_nano.a(libc_a-readr.o)
                              c:/program files (x86)/arm gnu toolchain arm-none-eabi/12.2 mpacbti-rel1/bin/../lib/gcc/arm-none-eabi/12.2.1/thumb/v7e-m+fp/hard\libc_nano.a(libc_a-stdio.o) (_read_r)
c:/program files (x86)/arm gnu toolchain arm-none-eabi/12.2 mpacbti-rel1/bin/../lib/gcc/arm-none-eabi/12.2.1/thumb/v7e-m+fp/hard\libc_nano.a(libc_a-writer.o)
[...]
Memory Configuration

Name             Origin             Length             Attributes
RAM              0x20000000         0x00020000         xrw
FLASH            0x08000000         0x00080000         xr
*default*        0x00000000         0xffffffff

Linker script and memory map

LOAD c:/program files (x86)/arm gnu toolchain arm-none-eabi/12.2 mpacbti-rel1/bin/../lib/gcc/arm-none-eabi/12.2.1/thumb/v7e-m+fp/hard/crti.o
LOAD c:/program files (x86)/arm gnu toolchain arm-none-eabi/12.2 mpacbti-rel1/bin/../lib/gcc/arm-none-eabi/12.2.1/thumb/v7e-m+fp/hard/crtbegin.o
LOAD c:/program files (x86)/arm gnu toolchain arm-none-eabi/12.2 mpacbti-rel1/bin/../lib/gcc/arm-none-eabi/12.2.1/thumb/v7e-m+fp/hard/crt0.o
LOAD build/croutine.o
LOAD build/event_groups.o
LOAD build/heap_4.o
LOAD build/list.o
LOAD build/main.o
LOAD build/port.o
LOAD build/queue.o
LOAD build/startup.o
LOAD build/stream_buffer.o
LOAD build/tasks.o
LOAD build/timers.o
START GROUP
LOAD c:/program files (x86)/arm gnu toolchain arm-none-eabi/12.2 mpacbti-rel1/bin/../lib/gcc/arm-none-eabi/12.2.1/thumb/v7e-m+fp/hard\libgcc.a
LOAD c:/program files (x86)/arm gnu toolchain arm-none-eabi/12.2 mpacbti-rel1/bin/../lib/gcc/arm-none-eabi/12.2.1/thumb/v7e-m+fp/hard\libc_nano.a
END GROUP
START GROUP
LOAD c:/program files (x86)/arm gnu toolchain arm-none-eabi/12.2 mpacbti-rel1/bin/../lib/gcc/arm-none-eabi/12.2.1/thumb/v7e-m+fp/hard\libgcc.a
LOAD c:/program files (x86)/arm gnu toolchain arm-none-eabi/12.2 mpacbti-rel1/bin/../lib/gcc/arm-none-eabi/12.2.1/thumb/v7e-m+fp/hard\libc_nano.a
LOAD c:/program files (x86)/arm gnu toolchain arm-none-eabi/12.2 mpacbti-rel1/bin/../lib/gcc/arm-none-eabi/12.2.1/thumb/v7e-m+fp/hard\libnosys.a
END GROUP
START GROUP
LOAD c:/program files (x86)/arm gnu toolchain arm-none-eabi/12.2 mpacbti-rel1/bin/../lib/gcc/arm-none-eabi/12.2.1/thumb/v7e-m+fp/hard\libgcc.a
LOAD c:/program files (x86)/arm gnu toolchain arm-none-eabi/12.2 mpacbti-rel1/bin/../lib/gcc/arm-none-eabi/12.2.1/thumb/v7e-m+fp/hard\libc_nano.a
LOAD c:/program files (x86)/arm gnu toolchain arm-none-eabi/12.2 mpacbti-rel1/bin/../lib/gcc/arm-none-eabi/12.2.1/thumb/v7e-m+fp/hard\libnosys.a
END GROUP
LOAD c:/program files (x86)/arm gnu toolchain arm-none-eabi/12.2 mpacbti-rel1/bin/../lib/gcc/arm-none-eabi/12.2.1/thumb/v7e-m+fp/hard/crtend.o
LOAD c:/program files (x86)/arm gnu toolchain arm-none-eabi/12.2 mpacbti-rel1/bin/../lib/gcc/arm-none-eabi/12.2.1/thumb/v7e-m+fp/hard/crtn.o
                0x20020000                        _estack = (ORIGIN (RAM) + LENGTH (RAM))
                0x00000200                        _Min_Heap_Size = 0x200
                0x00000400                        _Min_Stack_Size = 0x400

.isr_vector     0x08000000      0x198
                0x08000000                        . = ALIGN (0x4)
 *(.isr_vector)
 .isr_vector    0x08000000      0x198 build/startup.o
                0x08000000                g_pfnVectors
                0x08000198                        . = ALIGN (0x4)

.text           0x080001a0     0x7780
                0x080001a0                        . = ALIGN (0x4)
 *(.text)
 .text          0x080001a0      0x62c build/event_groups.o
                0x080001a0                xEventGroupCreate
                0x080001ce                xEventGroupSync
                0x08000328                xEventGroupWaitBits
                0x080004c4                xEventGroupClearBits
                0x08000532                xEventGroupGetBitsFromISR
                0x0800057a                xEventGroupSetBits
                0x0800068e                vEventGroupDelete
                0x0800070c                vEventGroupSetBitsCallback
                0x08000726                vEventGroupClearBitsCallback
                0x08000784                uxEventGroupGetNumber
                0x080007b0                vEventGroupSetNumber
 .text          0x080007cc      0x4fc build/heap_4.o
                0x080007cc                pvPortMalloc
                0x08000948                vPortFree
                0x08000a00                xPortGetFreeHeapSize
                0x08000a18                xPortGetMinimumEverFreeHeapSize
                0x08000a30                vPortInitialiseBlocks
                0x08000a3e                pvPortCalloc
                0x08000c0c                vPortGetHeapStats
 .text          0x08000cc8      0x168 build/list.o
                0x08000cc8                vListInitialise
                0x08000d08                vListInitialiseItem
                0x08000d22                vListInsertEnd
                0x08000d6a                vListInsert
                0x08000ddc                uxListRemove
 .text          0x08000e30      0x6ac build/main.o
                0x08000e30                led_init
                0x08000e8c                led_ctrl
                0x08000ee0                UART_init
                0x08000f98                UART_Send_Byte
                0x08001000                print
                0x0800107e                adc_init
                0x08001100                adc_measure
                0x08001198                temp_convert
                0x080011e8                SystemInit
                0x080011f6                vApplicationMallocFailedHook
                0x08001204                vApplicationIdleHook
                0x08001212                vApplicationTickHook
                0x08001220                vApplicationStackOverflowHook
                0x08001236                Blink_led
                0x08001260                Blink_led_2
                0x0800128a                Print_temp
                0x0800135c                Get_temp
                0x080013b0                Print_name
                0x080013ec                main
 *fill*         0x080014dc        0x4 
 .text          0x080014e0      0x4b4 build/port.o
                0x080014e0                pxPortInitialiseStack
                0x080015a0                SVC_Handler
                0x080015ee                xPortStartScheduler
                0x08001730                vPortEndScheduler
                0x08001768                vPortEnterCritical
                0x080017c8                vPortExitCritical
                0x0800181c                PendSV_Handler
                0x08001886                SysTick_Handler
                0x080018cc                vPortSetupTimerInterrupt
                0x08001916                vPortValidateInterruptPriority
 .text          0x08001994     0x15c8 build/queue.o
                0x08001994                xQueueGenericReset
                0x08001ab4                xQueueGenericCreate
                0x08001bca                xQueueCreateMutex
                0x08001bfa                xQueueGiveMutexRecursive
                0x08001c62                xQueueTakeMutexRecursive
                0x08001cce                xQueueCreateCountingSemaphore
                0x08001d2a                xQueueGenericSend
                0x08001f28                xQueueGenericSendFromISR
                0x0800208c                xQueueGiveFromISR
                0x080021d4                xQueueReceive
                0x08002394                xQueueSemaphoreTake
                0x08002590                xQueuePeek
                0x08002754                xQueueReceiveFromISR
                0x08002882                xQueuePeekFromISR
                0x08002954                uxQueueMessagesWaiting
                0x08002990                uxQueueSpacesAvailable
                0x080029d6                uxQueueMessagesWaitingFromISR
                0x08002a12                vQueueDelete
                0x08002a4e                uxQueueGetQueueNumber
                0x08002a66                vQueueSetQueueNumber
                0x08002a82                ucQueueGetQueueType
                0x08002cbc                xQueueIsQueueEmptyFromISR
                0x08002d34                xQueueIsQueueFullFromISR
                0x08002d80                vQueueAddToRegistry
                0x08002e1c                pcQueueGetName
                0x08002e84                vQueueUnregisterQueue
                0x08002ef4                vQueueWaitForMessageRestricted
 .text          0x08002f5c     0x2d64 build/tasks.o
                0x08002f5c                xTaskCreate
                0x08003230                vTaskDelete
                0x08003358                xTaskDelayUntil
                0x08003454                vTaskDelay
                0x080034bc                eTaskGetState
                0x080035b0                uxTaskPriorityGet
                0x080035e4                uxTaskPriorityGetFromISR
                0x0800363c                vTaskPrioritySet
                0x080037e0                vTaskSuspend
                0x08003984                vTaskResume
                0x08003a90                xTaskResumeFromISR
                0x08003bcc                vTaskStartScheduler
                0x08003c70                vTaskEndScheduler
                0x08003ca0                vTaskSuspendAll
                0x08003cbc                xTaskResumeAll
                0x08003eb4                xTaskGetTickCount
                0x08003ed4                xTaskGetTickCountFromISR
                0x08003ef8                uxTaskGetNumberOfTasks
                0x08003f10                pcTaskGetName
                0x08003f58                uxTaskGetSystemState
                0x08004074                xTaskCatchUpTicks
                0x080040cc                xTaskIncrementTick
                0x08004308                vTaskSwitchContext
                0x08004408                vTaskPlaceOnEventList
                0x08004450                vTaskPlaceOnUnorderedEventList
                0x080044fc                vTaskPlaceOnEventListRestricted
                0x08004588                xTaskRemoveFromEventList
                0x08004734                vTaskRemoveFromUnorderedEventList
                0x080048b4                vTaskSetTimeOutState
                0x08004900                vTaskInternalSetTimeOutState
                0x0800492c                xTaskCheckForTimeOut
                0x080049f8                vTaskMissedYield
                0x08004a10                uxTaskGetTaskNumber
                0x08004a3c                vTaskSetTaskNumber
                0x08004b70                vTaskGetInfo
                0x08004d70                xTaskGetCurrentTaskHandle
                0x08004d90                xTaskGetSchedulerState
                0x08004dcc                xTaskPriorityInherit
                0x08004f08                xTaskPriorityDisinherit
                0x08005050                vTaskPriorityDisinheritAfterTimeout
                0x080051c0                uxTaskResetEventItemValue
                0x080051f0                pvTaskIncrementMutexHeldCount
                0x08005218                ulTaskGenericNotifyTake
                0x080052e8                xTaskGenericNotifyWait
                0x080053e8                xTaskGenericNotify
                0x0800562c                xTaskGenericNotifyFromISR
                0x080058e4                vTaskGenericNotifyGiveFromISR
                0x08005af0                xTaskGenericNotifyStateClear
                0x08005b64                ulTaskGenericNotifyValueClear
 .text          0x08005cc0      0x90c build/timers.o
                0x08005cc0                xTimerCreateTimerTask
                0x08005d24                xTimerCreate
                0x08005dd6                xTimerGenericCommand
                0x08005e70                xTimerGetTimerDaemonTaskHandle
                0x08005ea8                xTimerGetPeriod
                0x08005ee0                vTimerSetReloadMode
                0x08005f46                xTimerGetReloadMode
                0x08005f98                uxTimerGetReloadMode
                0x08005fb0                xTimerGetExpiryTime
                0x08005fec                pcTimerGetName
                0x080064c4                xTimerIsTimerActive
                0x08006516                pvTimerGetTimerID
                0x08006556                vTimerSetTimerID
                0x08006596                uxTimerGetTimerNumber
                0x080065ae                vTimerSetTimerNumber
 .text          0x080065cc      0x378 c:/program files (x86)/arm gnu toolchain arm-none-eabi/12.2 mpacbti-rel1/bin/../lib/gcc/arm-none-eabi/12.2.1/thumb/v7e-m+fp/hard\libgcc.a(_arm_addsubdf3.o)
                0x080065cc                __aeabi_drsub
                0x080065d4                __aeabi_dsub
                0x080065d4                __subdf3
                0x080065d8                __aeabi_dadd
                0x080065d8                __adddf3
                0x08006850                __floatunsidf
                0x08006850                __aeabi_ui2d
                0x08006870                __floatsidf
                0x08006870                __aeabi_i2d
                0x08006894                __aeabi_f2d
                0x08006894                __extendsfdf2
                0x080068d8                __floatundidf
                0x080068d8                __aeabi_ul2d
                0x080068e8                __floatdidf
                0x080068e8                __aeabi_l2d
 .text          0x08006944      0x424 c:/program files (x86)/arm gnu toolchain arm-none-eabi/12.2 mpacbti-rel1/bin/../lib/gcc/arm-none-eabi/12.2.1/thumb/v7e-m+fp/hard\libgcc.a(_arm_muldivdf3.o)
                0x08006944                __aeabi_dmul
                0x08006944                __muldf3
                0x08006b98                __divdf3
                0x08006b98                __aeabi_ddiv
 .text          0x08006d68       0xa0 c:/program files (x86)/arm gnu toolchain arm-none-eabi/12.2 mpacbti-rel1/bin/../lib/gcc/arm-none-eabi/12.2.1/thumb/v7e-m+fp/hard\libgcc.a(_arm_truncdfsf2.o)
                0x08006d68                __truncdfsf2
                0x08006d68                __aeabi_d2f
 .text          0x08006e08       0x10 c:/program files (x86)/arm gnu toolchain arm-none-eabi/12.2 mpacbti-rel1/bin/../lib/gcc/arm-none-eabi/12.2.1/thumb/v7e-m+fp/hard\libc_nano.a(libc_a-strlen.o)
                0x08006e08                strlen
 *fill*         0x08006e18        0x8 
 .text          0x08006e20       0xa0 c:/program files (x86)/arm gnu toolchain arm-none-eabi/12.2 mpacbti-rel1/bin/../lib/gcc/arm-none-eabi/12.2.1/thumb/v7e-m+fp/hard\libc_nano.a(libc_a-memchr.o)
                0x08006e20                memchr
 *(.text*)
 .text.deregister_tm_clones
                0x08006ec0       0x1c c:/program files (x86)/arm gnu toolchain arm-none-eabi/12.2 mpacbti-rel1/bin/../lib/gcc/arm-none-eabi/12.2.1/thumb/v7e-m+fp/hard/crtbegin.o
 .text.register_tm_clones
                0x08006edc       0x24 c:/program files (x86)/arm gnu toolchain arm-none-eabi/12.2 mpacbti-rel1/bin/../lib/gcc/arm-none-eabi/12.2.1/thumb/v7e-m+fp/hard/crtbegin.o
 .text.__do_global_dtors_aux
                0x08006f00       0x28 c:/program files (x86)/arm gnu toolchain arm-none-eabi/12.2 mpacbti-rel1/bin/../lib/gcc/arm-none-eabi/12.2.1/thumb/v7e-m+fp/hard/crtbegin.o
 .text.frame_dummy
                0x08006f28       0x24 c:/program files (x86)/arm gnu toolchain arm-none-eabi/12.2 mpacbti-rel1/bin/../lib/gcc/arm-none-eabi/12.2.1/thumb/v7e-m+fp/hard/crtbegin.o
 .text.Reset_Handler
                0x08006f4c       0x50 build/startup.o
                0x08006f4c                Reset_Handler
 .text.Default_Handler
                0x08006f9c        0x2 build/startup.o
                0x08006f9c                RTC_Alarm_IRQHandler
                0x08006f9c                EXTI2_IRQHandler
                0x08006f9c                DebugMon_Handler
                0x08006f9c                SPI4_IRQHandler
                0x08006f9c                TIM1_CC_IRQHandler
                0x08006f9c                DMA2_Stream5_IRQHandler
                0x08006f9c                HardFault_Handler
                0x08006f9c                DMA1_Stream5_IRQHandler
                0x08006f9c                PVD_IRQHandler
                0x08006f9c                SDIO_IRQHandler
                0x08006f9c                TAMP_STAMP_IRQHandler
                0x08006f9c                NMI_Handler
                0x08006f9c                EXTI3_IRQHandler
                0x08006f9c                TIM1_UP_TIM10_IRQHandler
                0x08006f9c                I2C3_ER_IRQHandler
                0x08006f9c                EXTI0_IRQHandler
                0x08006f9c                I2C2_EV_IRQHandler
                0x08006f9c                DMA1_Stream2_IRQHandler
                0x08006f9c                FPU_IRQHandler
                0x08006f9c                UsageFault_Handler
                0x08006f9c                DMA2_Stream2_IRQHandler
                0x08006f9c                SPI1_IRQHandler
                0x08006f9c                TIM1_BRK_TIM9_IRQHandler
                0x08006f9c                DMA2_Stream3_IRQHandler
                0x08006f9c                USART6_IRQHandler
                0x08006f9c                DMA2_Stream0_IRQHandler
                0x08006f9c                TIM4_IRQHandler
                0x08006f9c                I2C1_EV_IRQHandler
                0x08006f9c                DMA1_Stream6_IRQHandler
                0x08006f9c                DMA1_Stream1_IRQHandler
                0x08006f9c                TIM3_IRQHandler
                0x08006f9c                RCC_IRQHandler
                0x08006f9c                Default_Handler
                0x08006f9c                EXTI15_10_IRQHandler
                0x08006f9c                ADC_IRQHandler
                0x08006f9c                DMA1_Stream7_IRQHandler
                0x08006f9c                SPI5_IRQHandler
                0x08006f9c                TIM5_IRQHandler
                0x08006f9c                DMA2_Stream7_IRQHandler
                0x08006f9c                I2C3_EV_IRQHandler
                0x08006f9c                EXTI9_5_IRQHandler
                0x08006f9c                RTC_WKUP_IRQHandler
                0x08006f9c                SPI2_IRQHandler
                0x08006f9c                MemManage_Handler
                0x08006f9c                DMA1_Stream0_IRQHandler
                0x08006f9c                EXTI4_IRQHandler
                0x08006f9c                WWDG_IRQHandler
                0x08006f9c                TIM2_IRQHandler
                0x08006f9c                OTG_FS_WKUP_IRQHandler
                0x08006f9c                TIM1_TRG_COM_TIM11_IRQHandler
                0x08006f9c                EXTI1_IRQHandler
                0x08006f9c                USART2_IRQHandler
                0x08006f9c                I2C2_ER_IRQHandler
                0x08006f9c                DMA2_Stream1_IRQHandler
                0x08006f9c                FLASH_IRQHandler
                0x08006f9c                DMA2_Stream4_IRQHandler
                0x08006f9c                BusFault_Handler
                0x08006f9c                USART1_IRQHandler
                0x08006f9c                OTG_FS_IRQHandler
                0x08006f9c                SPI3_IRQHandler
                0x08006f9c                DMA1_Stream4_IRQHandler
                0x08006f9c                I2C1_ER_IRQHandler
                0x08006f9c                DMA2_Stream6_IRQHandler
                0x08006f9c                DMA1_Stream3_IRQHandler
 *fill*         0x08006f9e        0x2 
 .text._vsprintf_r
                0x08006fa0       0x2c c:/program files (x86)/arm gnu toolchain arm-none-eabi/12.2 mpacbti-rel1/bin/../lib/gcc/arm-none-eabi/12.2.1/thumb/v7e-m+fp/hard\libc_nano.a(libc_a-vsprintf.o)
                0x08006fa0                _vsprintf_r
                0x08006fa0                _vsiprintf_r
 .text.vsprintf
                0x08006fcc       0x14 c:/program files (x86)/arm gnu toolchain arm-none-eabi/12.2 mpacbti-rel1/bin/../lib/gcc/arm-none-eabi/12.2.1/thumb/v7e-m+fp/hard\libc_nano.a(libc_a-vsprintf.o)
                0x08006fcc                vsiprintf
                0x08006fcc                vsprintf
 .text.memset   0x08006fe0       0x10 c:/program files (x86)/arm gnu toolchain arm-none-eabi/12.2 mpacbti-rel1/bin/../lib/gcc/arm-none-eabi/12.2.1/thumb/v7e-m+fp/hard\libc_nano.a(libc_a-memset.o)
                0x08006fe0                memset
 .text.__libc_init_array
                0x08006ff0       0x48 c:/program files (x86)/arm gnu toolchain arm-none-eabi/12.2 mpacbti-rel1/bin/../lib/gcc/arm-none-eabi/12.2.1/thumb/v7e-m+fp/hard\libc_nano.a(libc_a-init.o)
                0x08006ff0                __libc_init_array
 .text.__retarget_lock_acquire_recursive
                0x08007038        0x2 c:/program files (x86)/arm gnu toolchain arm-none-eabi/12.2 mpacbti-rel1/bin/../lib/gcc/arm-none-eabi/12.2.1/thumb/v7e-m+fp/hard\libc_nano.a(libc_a-lock.o)
                0x08007038                __retarget_lock_acquire_recursive
 .text.__retarget_lock_release_recursive
                0x0800703a        0x2 c:/program files (x86)/arm gnu toolchain arm-none-eabi/12.2 mpacbti-rel1/bin/../lib/gcc/arm-none-eabi/12.2.1/thumb/v7e-m+fp/hard\libc_nano.a(libc_a-lock.o)
                0x0800703a                __retarget_lock_release_recursive
 .text.memcpy   0x0800703c       0x1c c:/program files (x86)/arm gnu toolchain arm-none-eabi/12.2 mpacbti-rel1/bin/../lib/gcc/arm-none-eabi/12.2.1/thumb/v7e-m+fp/hard\libc_nano.a(libc_a-memcpy-stub.o)
                0x0800703c                memcpy
 .text._free_r  0x08007058       0x94 c:/program files (x86)/arm gnu toolchain arm-none-eabi/12.2 mpacbti-rel1/bin/../lib/gcc/arm-none-eabi/12.2.1/thumb/v7e-m+fp/hard\libc_nano.a(libc_a-freer.o)
                0x08007058                _free_r
 .text.sbrk_aligned
                0x080070ec       0x44 c:/program files (x86)/arm gnu toolchain arm-none-eabi/12.2 mpacbti-rel1/bin/../lib/gcc/arm-none-eabi/12.2.1/thumb/v7e-m+fp/hard\libc_nano.a(libc_a-mallocr.o)
 .text._malloc_r
                0x08007130      0x100 c:/program files (x86)/arm gnu toolchain arm-none-eabi/12.2 mpacbti-rel1/bin/../lib/gcc/arm-none-eabi/12.2.1/thumb/v7e-m+fp/hard\libc_nano.a(libc_a-mallocr.o)
                0x08007130                _malloc_r
 .text.__malloc_lock
                0x08007230        0xc c:/program files (x86)/arm gnu toolchain arm-none-eabi/12.2 mpacbti-rel1/bin/../lib/gcc/arm-none-eabi/12.2.1/thumb/v7e-m+fp/hard\libc_nano.a(libc_a-mlock.o)
                0x08007230                __malloc_lock
 .text.__malloc_unlock
                0x0800723c        0xc c:/program files (x86)/arm gnu toolchain arm-none-eabi/12.2 mpacbti-rel1/bin/../lib/gcc/arm-none-eabi/12.2.1/thumb/v7e-m+fp/hard\libc_nano.a(libc_a-mlock.o)
                0x0800723c                __malloc_unlock
 .text.__ssputs_r
                0x08007248       0xb6 c:/program files (x86)/arm gnu toolchain arm-none-eabi/12.2 mpacbti-rel1/bin/../lib/gcc/arm-none-eabi/12.2.1/thumb/v7e-m+fp/hard\libc_nano.a(libc_a-nano-svfprintf.o)
                0x08007248                __ssputs_r
 *fill*         0x080072fe        0x2 
 .text._svfprintf_r
                0x08007300      0x1f8 c:/program files (x86)/arm gnu toolchain arm-none-eabi/12.2 mpacbti-rel1/bin/../lib/gcc/arm-none-eabi/12.2.1/thumb/v7e-m+fp/hard\libc_nano.a(libc_a-nano-svfprintf.o)
                0x08007300                _svfiprintf_r
                0x08007300                _svfprintf_r
 .text._printf_common
                0x080074f8       0xda c:/program files (x86)/arm gnu toolchain arm-none-eabi/12.2 mpacbti-rel1/bin/../lib/gcc/arm-none-eabi/12.2.1/thumb/v7e-m+fp/hard\libc_nano.a(libc_a-nano-vfprintf_i.o)
                0x080074f8                _printf_common
 *fill*         0x080075d2        0x2 
 .text._printf_i
                0x080075d4      0x258 c:/program files (x86)/arm gnu toolchain arm-none-eabi/12.2 mpacbti-rel1/bin/../lib/gcc/arm-none-eabi/12.2.1/thumb/v7e-m+fp/hard\libc_nano.a(libc_a-nano-vfprintf_i.o)
                0x080075d4                _printf_i
 .text.memmove  0x0800782c       0x34 c:/program files (x86)/arm gnu toolchain arm-none-eabi/12.2 mpacbti-rel1/bin/../lib/gcc/arm-none-eabi/12.2.1/thumb/v7e-m+fp/hard\libc_nano.a(libc_a-memmove.o)
                0x0800782c                memmove
 .text._sbrk_r  0x08007860       0x20 c:/program files (x86)/arm gnu toolchain arm-none-eabi/12.2 mpacbti-rel1/bin/../lib/gcc/arm-none-eabi/12.2.1/thumb/v7e-m+fp/hard\libc_nano.a(libc_a-sbrkr.o)
                0x08007860                _sbrk_r
 .text._realloc_r
                0x08007880       0x5c c:/program files (x86)/arm gnu toolchain arm-none-eabi/12.2 mpacbti-rel1/bin/../lib/gcc/arm-none-eabi/12.2.1/thumb/v7e-m+fp/hard\libc_nano.a(libc_a-reallocr.o)
                0x08007880                _realloc_r
 .text._malloc_usable_size_r
                0x080078dc       0x10 c:/program files (x86)/arm gnu toolchain arm-none-eabi/12.2 mpacbti-rel1/bin/../lib/gcc/arm-none-eabi/12.2.1/thumb/v7e-m+fp/hard\libc_nano.a(libc_a-msizer.o)
                0x080078dc                _malloc_usable_size_r
 .text._sbrk    0x080078ec       0x1c c:/program files (x86)/arm gnu toolchain arm-none-eabi/12.2 mpacbti-rel1/bin/../lib/gcc/arm-none-eabi/12.2.1/thumb/v7e-m+fp/hard\libnosys.a(sbrk.o)
                0x080078ec                _sbrk
 *(.glue_7)
 .glue_7        0x08007908        0x0 linker stubs
 *(.glue_7t)
 .glue_7t       0x08007908        0x0 linker stubs
 *(.eh_frame)
 .eh_frame      0x08007908        0x0 c:/program files (x86)/arm gnu toolchain arm-none-eabi/12.2 mpacbti-rel1/bin/../lib/gcc/arm-none-eabi/12.2.1/thumb/v7e-m+fp/hard/crtbegin.o
 *(.init)
 .init          0x08007908        0x4 c:/program files (x86)/arm gnu toolchain arm-none-eabi/12.2 mpacbti-rel1/bin/../lib/gcc/arm-none-eabi/12.2.1/thumb/v7e-m+fp/hard/crti.o
                0x08007908                _init
 .init          0x0800790c        0x8 c:/program files (x86)/arm gnu toolchain arm-none-eabi/12.2 mpacbti-rel1/bin/../lib/gcc/arm-none-eabi/12.2.1/thumb/v7e-m+fp/hard/crtn.o
 *(.fini)
 .fini          0x08007914        0x4 c:/program files (x86)/arm gnu toolchain arm-none-eabi/12.2 mpacbti-rel1/bin/../lib/gcc/arm-none-eabi/12.2.1/thumb/v7e-m+fp/hard/crti.o
                0x08007914                _fini
 .fini          0x08007918        0x8 c:/program files (x86)/arm gnu toolchain arm-none-eabi/12.2 mpacbti-rel1/bin/../lib/gcc/arm-none-eabi/12.2.1/thumb/v7e-m+fp/hard/crtn.o
                0x08007920                        . = ALIGN (0x4)
                0x08007920                        _etext = .

.vfp11_veneer   0x08007920        0x0
 .vfp11_veneer  0x08007920        0x0 linker stubs

.v4_bx          0x08007920        0x0
 .v4_bx         0x08007920        0x0 linker stubs

.iplt           0x08007920        0x0
 .iplt          0x08007920        0x0 c:/program files (x86)/arm gnu toolchain arm-none-eabi/12.2 mpacbti-rel1/bin/../lib/gcc/arm-none-eabi/12.2.1/thumb/v7e-m+fp/hard/crtbegin.o

.rodata         0x08007920       0xa4
                0x08007920                        . = ALIGN (0x4)
 *(.rodata)
 .rodata        0x08007920       0x5b build/main.o
 *fill*         0x0800797b        0x1 
 .rodata        0x0800797c        0x5 build/tasks.o
 *fill*         0x08007981        0x3 
 .rodata        0x08007984        0xd build/timers.o
 *(.rodata*)
 .rodata._svfprintf_r.str1.1
                0x08007991       0x11 c:/program files (x86)/arm gnu toolchain arm-none-eabi/12.2 mpacbti-rel1/bin/../lib/gcc/arm-none-eabi/12.2.1/thumb/v7e-m+fp/hard\libc_nano.a(libc_a-nano-svfprintf.o)
 .rodata._printf_i.str1.1
                0x080079a2       0x22 c:/program files (x86)/arm gnu toolchain arm-none-eabi/12.2 mpacbti-rel1/bin/../lib/gcc/arm-none-eabi/12.2.1/thumb/v7e-m+fp/hard\libc_nano.a(libc_a-nano-vfprintf_i.o)
                0x080079c4                        . = ALIGN (0x4)

.ARM.extab      0x080079c4        0x0
                0x080079c4                        . = ALIGN (0x4)
 *(.ARM.extab* .gnu.linkonce.armextab.*)
                0x080079c4                        . = ALIGN (0x4)

.ARM            0x080079c4        0x8
                0x080079c4                        . = ALIGN (0x4)
                0x080079c4                        __exidx_start = .
 *(.ARM.exidx*)
 .ARM.exidx     0x080079c4        0x8 c:/program files (x86)/arm gnu toolchain arm-none-eabi/12.2 mpacbti-rel1/bin/../lib/gcc/arm-none-eabi/12.2.1/thumb/v7e-m+fp/hard\libc_nano.a(libc_a-strlen.o)
 .ARM.exidx     0x080079cc        0x0 c:/program files (x86)/arm gnu toolchain arm-none-eabi/12.2 mpacbti-rel1/bin/../lib/gcc/arm-none-eabi/12.2.1/thumb/v7e-m+fp/hard\libc_nano.a(libc_a-memchr.o)
                                  0x8 (size before relaxing)
                0x080079cc                        __exidx_end = .
                0x080079cc                        . = ALIGN (0x4)

.rel.dyn        0x080079cc        0x0
 .rel.iplt      0x080079cc        0x0 c:/program files (x86)/arm gnu toolchain arm-none-eabi/12.2 mpacbti-rel1/bin/../lib/gcc/arm-none-eabi/12.2.1/thumb/v7e-m+fp/hard/crtbegin.o

.preinit_array  0x080079cc        0x0
                0x080079cc                        . = ALIGN (0x4)
                0x080079cc                        PROVIDE (__preinit_array_start = .)
 *(.preinit_array*)
                0x080079cc                        PROVIDE (__preinit_array_end = .)
                0x080079cc                        . = ALIGN (0x4)

.init_array     0x080079cc        0x4
                0x080079cc                        . = ALIGN (0x4)
                0x080079cc                        PROVIDE (__init_array_start = .)
 *(SORT_BY_NAME(.init_array.*))
 *(.init_array*)
 .init_array    0x080079cc        0x4 c:/program files (x86)/arm gnu toolchain arm-none-eabi/12.2 mpacbti-rel1/bin/../lib/gcc/arm-none-eabi/12.2.1/thumb/v7e-m+fp/hard/crtbegin.o
                0x080079d0                        PROVIDE (__init_array_end = .)
                0x080079d0                        . = ALIGN (0x4)

.fini_array     0x080079d0        0x4
                0x080079d0                        . = ALIGN (0x4)
                [!provide]                        PROVIDE (__fini_array_start = .)
 *(SORT_BY_NAME(.fini_array.*))
 *(.fini_array*)
 .fini_array    0x080079d0        0x4 c:/program files (x86)/arm gnu toolchain arm-none-eabi/12.2 mpacbti-rel1/bin/../lib/gcc/arm-none-eabi/12.2.1/thumb/v7e-m+fp/hard/crtbegin.o
                [!provide]                        PROVIDE (__fini_array_end = .)
                0x080079d4                        . = ALIGN (0x4)
                0x080079d4                        _sidata = LOADADDR (.data)

.data           0x20000000       0x58 load address 0x080079d4
                0x20000000                        . = ALIGN (0x4)
                0x20000000                        _sdata = .
 *(.data)
 .data          0x20000000        0x4 build/port.o
 .data          0x20000004        0x4 build/tasks.o
                0x20000004                uxTopUsedPriority
 *(.data*)
 .data._impure_ptr
                0x20000008        0x4 c:/program files (x86)/arm gnu toolchain arm-none-eabi/12.2 mpacbti-rel1/bin/../lib/gcc/arm-none-eabi/12.2.1/thumb/v7e-m+fp/hard\libc_nano.a(libc_a-impure.o)
                0x20000008                _impure_ptr
 .data._impure_data
                0x2000000c       0x4c c:/program files (x86)/arm gnu toolchain arm-none-eabi/12.2 mpacbti-rel1/bin/../lib/gcc/arm-none-eabi/12.2.1/thumb/v7e-m+fp/hard\libc_nano.a(libc_a-impure.o)
                0x2000000c                _impure_data
 *(.RamFunc)
 *(.RamFunc*)
 *(.FuncInRam)
                0x20000058                        . = ALIGN (0x4)
                0x20000058                        _edata = .

.tm_clone_table
                0x20000058        0x0 load address 0x08007a2c
 .tm_clone_table
                0x20000058        0x0 c:/program files (x86)/arm gnu toolchain arm-none-eabi/12.2 mpacbti-rel1/bin/../lib/gcc/arm-none-eabi/12.2.1/thumb/v7e-m+fp/hard/crtbegin.o
 .tm_clone_table
                0x20000058        0x0 c:/program files (x86)/arm gnu toolchain arm-none-eabi/12.2 mpacbti-rel1/bin/../lib/gcc/arm-none-eabi/12.2.1/thumb/v7e-m+fp/hard/crtend.o

.igot.plt       0x20000058        0x0 load address 0x08007a2c
 .igot.plt      0x20000058        0x0 c:/program files (x86)/arm gnu toolchain arm-none-eabi/12.2 mpacbti-rel1/bin/../lib/gcc/arm-none-eabi/12.2.1/thumb/v7e-m+fp/hard/crtbegin.o
                0x20000058                        . = ALIGN (0x4)

.bss            0x20000058    0x12f18 load address 0x08007a2c
                0x20000058                        _sbss = .
                0x20000058                        __bss_start__ = _sbss
 *(.bss)
 .bss           0x20000058    0x12c1c build/heap_4.o
 .bss           0x20012c74        0xc build/main.o
                0x20012c74                temp_queue
                0x20012c78                temp_event
                0x20012c7c                key_mutex
 .bss           0x20012c80        0x8 build/port.o
 .bss           0x20012c88       0x40 build/queue.o
                0x20012c88                xQueueRegistry
 .bss           0x20012cc8      0x104 build/tasks.o
                0x20012cc8                pxCurrentTCB
 .bss           0x20012dcc       0x3c build/timers.o
 *(.bss*)
 .bss.completed.1
                0x20012e08        0x1 c:/program files (x86)/arm gnu toolchain arm-none-eabi/12.2 mpacbti-rel1/bin/../lib/gcc/arm-none-eabi/12.2.1/thumb/v7e-m+fp/hard/crtbegin.o
 *fill*         0x20012e09        0x3 
 .bss.object.0  0x20012e0c       0x18 c:/program files (x86)/arm gnu toolchain arm-none-eabi/12.2 mpacbti-rel1/bin/../lib/gcc/arm-none-eabi/12.2.1/thumb/v7e-m+fp/hard/crtbegin.o
 .bss.__sf      0x20012e24      0x138 c:/program files (x86)/arm gnu toolchain arm-none-eabi/12.2 mpacbti-rel1/bin/../lib/gcc/arm-none-eabi/12.2.1/thumb/v7e-m+fp/hard\libc_nano.a(libc_a-findfp.o)
                0x20012e24                __sf
 .bss.errno     0x20012f5c        0x4 c:/program files (x86)/arm gnu toolchain arm-none-eabi/12.2 mpacbti-rel1/bin/../lib/gcc/arm-none-eabi/12.2.1/thumb/v7e-m+fp/hard\libc_nano.a(libc_a-reent.o)
                0x20012f5c                errno
 .bss.__lock___malloc_recursive_mutex
                0x20012f60        0x1 c:/program files (x86)/arm gnu toolchain arm-none-eabi/12.2 mpacbti-rel1/bin/../lib/gcc/arm-none-eabi/12.2.1/thumb/v7e-m+fp/hard\libc_nano.a(libc_a-lock.o)
                0x20012f60                __lock___malloc_recursive_mutex
 *fill*         0x20012f61        0x3 
 .bss.__malloc_sbrk_start
                0x20012f64        0x4 c:/program files (x86)/arm gnu toolchain arm-none-eabi/12.2 mpacbti-rel1/bin/../lib/gcc/arm-none-eabi/12.2.1/thumb/v7e-m+fp/hard\libc_nano.a(libc_a-mallocr.o)
                0x20012f64                __malloc_sbrk_start
 .bss.__malloc_free_list
                0x20012f68        0x4 c:/program files (x86)/arm gnu toolchain arm-none-eabi/12.2 mpacbti-rel1/bin/../lib/gcc/arm-none-eabi/12.2.1/thumb/v7e-m+fp/hard\libc_nano.a(libc_a-mallocr.o)
                0x20012f68                __malloc_free_list
 .bss.heap_end.0
                0x20012f6c        0x4 c:/program files (x86)/arm gnu toolchain arm-none-eabi/12.2 mpacbti-rel1/bin/../lib/gcc/arm-none-eabi/12.2.1/thumb/v7e-m+fp/hard\libnosys.a(sbrk.o)
 *(COMMON)
                0x20012f70                        . = ALIGN (0x4)
                0x20012f70                        _ebss = .
                0x20012f70                        __bss_end__ = _ebss

._user_heap_stack
                0x20012f70      0x600 load address 0x08007a2c
                0x20012f70                        . = ALIGN (0x8)
                0x20012f70                        PROVIDE (end = .)
                [!provide]                        PROVIDE (_end = .)
                0x20013170                        . = (. + _Min_Heap_Size)
 *fill*         0x20012f70      0x200 
                0x20013570                        . = (. + _Min_Stack_Size)
 *fill*         0x20013170      0x400 
                0x20013570                        . = ALIGN (0x8)

/DISCARD/
 libc.a(*)
 libm.a(*)
 libgcc.a(*)

.ARM.attributes
                0x00000000       0x30
 *(.ARM.attributes)
 .ARM.attributes
                0x00000000       0x22 c:/program files (x86)/arm gnu toolchain arm-none-eabi/12.2 mpacbti-rel1/bin/../lib/gcc/arm-none-eabi/12.2.1/thumb/v7e-m+fp/hard/crti.o
 .ARM.attributes
                0x00000022       0x34 c:/program files (x86)/arm gnu toolchain arm-none-eabi/12.2 mpacbti-rel1/bin/../lib/gcc/arm-none-eabi/12.2.1/thumb/v7e-m+fp/hard/crtbegin.o
 .ARM.attributes
                0x00000056       0x34 build/event_groups.o
 .ARM.attributes
                0x0000008a       0x34 build/heap_4.o
 .ARM.attributes
                0x000000be       0x34 build/list.o
 .ARM.attributes
                0x000000f2       0x34 build/main.o
 .ARM.attributes
                0x00000126       0x34 build/port.o
 .ARM.attributes
                0x0000015a       0x34 build/queue.o
 .ARM.attributes
                0x0000018e       0x21 build/startup.o
 .ARM.attributes
                0x000001af       0x34 build/tasks.o
 .ARM.attributes
                0x000001e3       0x34 build/timers.o
 .ARM.attributes
                0x00000217       0x22 c:/program files (x86)/arm gnu toolchain arm-none-eabi/12.2 mpacbti-rel1/bin/../lib/gcc/arm-none-eabi/12.2.1/thumb/v7e-m+fp/hard\libgcc.a(_arm_addsubdf3.o)
 .ARM.attributes
                0x00000239       0x22 c:/program files (x86)/arm gnu toolchain arm-none-eabi/12.2 mpacbti-rel1/bin/../lib/gcc/arm-none-eabi/12.2.1/thumb/v7e-m+fp/hard\libgcc.a(_arm_muldivdf3.o)
 .ARM.attributes
                0x0000025b       0x22 c:/program files (x86)/arm gnu toolchain arm-none-eabi/12.2 mpacbti-rel1/bin/../lib/gcc/arm-none-eabi/12.2.1/thumb/v7e-m+fp/hard\libgcc.a(_arm_truncdfsf2.o)
 .ARM.attributes
                0x0000027d       0x34 c:/program files (x86)/arm gnu toolchain arm-none-eabi/12.2 mpacbti-rel1/bin/../lib/gcc/arm-none-eabi/12.2.1/thumb/v7e-m+fp/hard\libc_nano.a(libc_a-findfp.o)
 .ARM.attributes
                0x000002b1       0x34 c:/program files (x86)/arm gnu toolchain arm-none-eabi/12.2 mpacbti-rel1/bin/../lib/gcc/arm-none-eabi/12.2.1/thumb/v7e-m+fp/hard\libc_nano.a(libc_a-vsprintf.o)
 .ARM.attributes
                0x000002e5       0x34 c:/program files (x86)/arm gnu toolchain arm-none-eabi/12.2 mpacbti-rel1/bin/../lib/gcc/arm-none-eabi/12.2.1/thumb/v7e-m+fp/hard\libc_nano.a(libc_a-memset.o)
 .ARM.attributes
                0x00000319       0x34 c:/program files (x86)/arm gnu toolchain arm-none-eabi/12.2 mpacbti-rel1/bin/../lib/gcc/arm-none-eabi/12.2.1/thumb/v7e-m+fp/hard\libc_nano.a(libc_a-reent.o)
 .ARM.attributes
                0x0000034d       0x34 c:/program files (x86)/arm gnu toolchain arm-none-eabi/12.2 mpacbti-rel1/bin/../lib/gcc/arm-none-eabi/12.2.1/thumb/v7e-m+fp/hard\libc_nano.a(libc_a-impure.o)
 .ARM.attributes
                0x00000381       0x34 c:/program files (x86)/arm gnu toolchain arm-none-eabi/12.2 mpacbti-rel1/bin/../lib/gcc/arm-none-eabi/12.2.1/thumb/v7e-m+fp/hard\libc_nano.a(libc_a-init.o)
 .ARM.attributes
                0x000003b5       0x34 c:/program files (x86)/arm gnu toolchain arm-none-eabi/12.2 mpacbti-rel1/bin/../lib/gcc/arm-none-eabi/12.2.1/thumb/v7e-m+fp/hard\libc_nano.a(libc_a-lock.o)
 .ARM.attributes
                0x000003e9       0x34 c:/program files (x86)/arm gnu toolchain arm-none-eabi/12.2 mpacbti-rel1/bin/../lib/gcc/arm-none-eabi/12.2.1/thumb/v7e-m+fp/hard\libc_nano.a(libc_a-memcpy-stub.o)
 .ARM.attributes
                0x0000041d       0x17 c:/program files (x86)/arm gnu toolchain arm-none-eabi/12.2 mpacbti-rel1/bin/../lib/gcc/arm-none-eabi/12.2.1/thumb/v7e-m+fp/hard\libc_nano.a(libc_a-strlen.o)
 .ARM.attributes
                0x00000434       0x34 c:/program files (x86)/arm gnu toolchain arm-none-eabi/12.2 mpacbti-rel1/bin/../lib/gcc/arm-none-eabi/12.2.1/thumb/v7e-m+fp/hard\libc_nano.a(libc_a-freer.o)
 .ARM.attributes
                0x00000468       0x34 c:/program files (x86)/arm gnu toolchain arm-none-eabi/12.2 mpacbti-rel1/bin/../lib/gcc/arm-none-eabi/12.2.1/thumb/v7e-m+fp/hard\libc_nano.a(libc_a-mallocr.o)
 .ARM.attributes
                0x0000049c       0x34 c:/program files (x86)/arm gnu toolchain arm-none-eabi/12.2 mpacbti-rel1/bin/../lib/gcc/arm-none-eabi/12.2.1/thumb/v7e-m+fp/hard\libc_nano.a(libc_a-mlock.o)
 .ARM.attributes
                0x000004d0       0x34 c:/program files (x86)/arm gnu toolchain arm-none-eabi/12.2 mpacbti-rel1/bin/../lib/gcc/arm-none-eabi/12.2.1/thumb/v7e-m+fp/hard\libc_nano.a(libc_a-nano-svfprintf.o)
 .ARM.attributes
                0x00000504       0x34 c:/program files (x86)/arm gnu toolchain arm-none-eabi/12.2 mpacbti-rel1/bin/../lib/gcc/arm-none-eabi/12.2.1/thumb/v7e-m+fp/hard\libc_nano.a(libc_a-nano-vfprintf_i.o)
 .ARM.attributes
                0x00000538       0x34 c:/program files (x86)/arm gnu toolchain arm-none-eabi/12.2 mpacbti-rel1/bin/../lib/gcc/arm-none-eabi/12.2.1/thumb/v7e-m+fp/hard\libc_nano.a(libc_a-memmove.o)
 .ARM.attributes
                0x0000056c       0x34 c:/program files (x86)/arm gnu toolchain arm-none-eabi/12.2 mpacbti-rel1/bin/../lib/gcc/arm-none-eabi/12.2.1/thumb/v7e-m+fp/hard\libc_nano.a(libc_a-sbrkr.o)
 .ARM.attributes
                0x000005a0       0x1c c:/program files (x86)/arm gnu toolchain arm-none-eabi/12.2 mpacbti-rel1/bin/../lib/gcc/arm-none-eabi/12.2.1/thumb/v7e-m+fp/hard\libc_nano.a(libc_a-memchr.o)
 .ARM.attributes
                0x000005bc       0x34 c:/program files (x86)/arm gnu toolchain arm-none-eabi/12.2 mpacbti-rel1/bin/../lib/gcc/arm-none-eabi/12.2.1/thumb/v7e-m+fp/hard\libc_nano.a(libc_a-reallocr.o)
 .ARM.attributes
                0x000005f0       0x34 c:/program files (x86)/arm gnu toolchain arm-none-eabi/12.2 mpacbti-rel1/bin/../lib/gcc/arm-none-eabi/12.2.1/thumb/v7e-m+fp/hard\libc_nano.a(libc_a-msizer.o)
 .ARM.attributes
                0x00000624       0x34 c:/program files (x86)/arm gnu toolchain arm-none-eabi/12.2 mpacbti-rel1/bin/../lib/gcc/arm-none-eabi/12.2.1/thumb/v7e-m+fp/hard\libnosys.a(sbrk.o)
 .ARM.attributes
                0x00000658       0x34 c:/program files (x86)/arm gnu toolchain arm-none-eabi/12.2 mpacbti-rel1/bin/../lib/gcc/arm-none-eabi/12.2.1/thumb/v7e-m+fp/hard/crtend.o
 .ARM.attributes
                0x0000068c       0x22 c:/program files (x86)/arm gnu toolchain arm-none-eabi/12.2 mpacbti-rel1/bin/../lib/gcc/arm-none-eabi/12.2.1/thumb/v7e-m+fp/hard/crtn.o
OUTPUT(build/freeRTOS_proj.elf elf32-littlearm)
LOAD linker stubs
LOAD c:/program files (x86)/arm gnu toolchain arm-none-eabi/12.2 mpacbti-rel1/bin/../lib/gcc/arm-none-eabi/12.2.1/thumb/v7e-m+fp/hard\libc.a
LOAD c:/program files (x86)/arm gnu toolchain arm-none-eabi/12.2 mpacbti-rel1/bin/../lib/gcc/arm-none-eabi/12.2.1/thumb/v7e-m+fp/hard\libm.a
LOAD c:/program files (x86)/arm gnu toolchain arm-none-eabi/12.2 mpacbti-rel1/bin/../lib/gcc/arm-none-eabi/12.2.1/thumb/v7e-m+fp/hard\libgcc.a

.comment        0x00000000       0x55
 .comment       0x00000000       0x55 build/event_groups.o
                                 0x56 (size before relaxing)
 .comment       0x00000055       0x56 build/heap_4.o
 .comment       0x00000055       0x56 build/list.o
 .comment       0x00000055       0x56 build/main.o
 .comment       0x00000055       0x56 build/port.o
 .comment       0x00000055       0x56 build/queue.o
 .comment       0x00000055       0x56 build/tasks.o
 .comment       0x00000055       0x56 build/timers.o

.debug_line_str
                0x00000000      0x1e2
 .debug_line_str
                0x00000000       0xde c:/program files (x86)/arm gnu toolchain arm-none-eabi/12.2 mpacbti-rel1/bin/../lib/gcc/arm-none-eabi/12.2.1/thumb/v7e-m+fp/hard\libgcc.a(_arm_addsubdf3.o)
 .debug_line_str
                0x000000de       0xde c:/program files (x86)/arm gnu toolchain arm-none-eabi/12.2 mpacbti-rel1/bin/../lib/gcc/arm-none-eabi/12.2.1/thumb/v7e-m+fp/hard\libgcc.a(_arm_muldivdf3.o)
 .debug_line_str
                0x000000de       0xde c:/program files (x86)/arm gnu toolchain arm-none-eabi/12.2 mpacbti-rel1/bin/../lib/gcc/arm-none-eabi/12.2.1/thumb/v7e-m+fp/hard\libgcc.a(_arm_truncdfsf2.o)
 .debug_line_str
                0x000000de       0xfb c:/program files (x86)/arm gnu toolchain arm-none-eabi/12.2 mpacbti-rel1/bin/../lib/gcc/arm-none-eabi/12.2.1/thumb/v7e-m+fp/hard\libc_nano.a(libc_a-strlen.o)
 .debug_line_str
                0x000001d9        0x9 c:/program files (x86)/arm gnu toolchain arm-none-eabi/12.2 mpacbti-rel1/bin/../lib/gcc/arm-none-eabi/12.2.1/thumb/v7e-m+fp/hard\libc_nano.a(libc_a-memchr.o)
                                 0xf1 (size before relaxing)

.debug_frame    0x00000000      0x674
 .debug_frame   0x00000000       0xac c:/program files (x86)/arm gnu toolchain arm-none-eabi/12.2 mpacbti-rel1/bin/../lib/gcc/arm-none-eabi/12.2.1/thumb/v7e-m+fp/hard\libgcc.a(_arm_addsubdf3.o)
 .debug_frame   0x000000ac       0x50 c:/program files (x86)/arm gnu toolchain arm-none-eabi/12.2 mpacbti-rel1/bin/../lib/gcc/arm-none-eabi/12.2.1/thumb/v7e-m+fp/hard\libgcc.a(_arm_muldivdf3.o)
 .debug_frame   0x000000fc       0x24 c:/program files (x86)/arm gnu toolchain arm-none-eabi/12.2 mpacbti-rel1/bin/../lib/gcc/arm-none-eabi/12.2.1/thumb/v7e-m+fp/hard\libgcc.a(_arm_truncdfsf2.o)
 .debug_frame   0x00000120      0x144 c:/program files (x86)/arm gnu toolchain arm-none-eabi/12.2 mpacbti-rel1/bin/../lib/gcc/arm-none-eabi/12.2.1/thumb/v7e-m+fp/hard\libc_nano.a(libc_a-findfp.o)
 .debug_frame   0x00000264       0x3c c:/program files (x86)/arm gnu toolchain arm-none-eabi/12.2 mpacbti-rel1/bin/../lib/gcc/arm-none-eabi/12.2.1/thumb/v7e-m+fp/hard\libc_nano.a(libc_a-vsprintf.o)
 .debug_frame   0x000002a0       0x20 c:/program files (x86)/arm gnu toolchain arm-none-eabi/12.2 mpacbti-rel1/bin/../lib/gcc/arm-none-eabi/12.2.1/thumb/v7e-m+fp/hard\libc_nano.a(libc_a-memset.o)
 .debug_frame   0x000002c0       0x38 c:/program files (x86)/arm gnu toolchain arm-none-eabi/12.2 mpacbti-rel1/bin/../lib/gcc/arm-none-eabi/12.2.1/thumb/v7e-m+fp/hard\libc_nano.a(libc_a-reent.o)
 .debug_frame   0x000002f8       0x2c c:/program files (x86)/arm gnu toolchain arm-none-eabi/12.2 mpacbti-rel1/bin/../lib/gcc/arm-none-eabi/12.2.1/thumb/v7e-m+fp/hard\libc_nano.a(libc_a-init.o)
 .debug_frame   0x00000324       0xb0 c:/program files (x86)/arm gnu toolchain arm-none-eabi/12.2 mpacbti-rel1/bin/../lib/gcc/arm-none-eabi/12.2.1/thumb/v7e-m+fp/hard\libc_nano.a(libc_a-lock.o)
 .debug_frame   0x000003d4       0x28 c:/program files (x86)/arm gnu toolchain arm-none-eabi/12.2 mpacbti-rel1/bin/../lib/gcc/arm-none-eabi/12.2.1/thumb/v7e-m+fp/hard\libc_nano.a(libc_a-memcpy-stub.o)
 .debug_frame   0x000003fc       0x38 c:/program files (x86)/arm gnu toolchain arm-none-eabi/12.2 mpacbti-rel1/bin/../lib/gcc/arm-none-eabi/12.2.1/thumb/v7e-m+fp/hard\libc_nano.a(libc_a-freer.o)
 .debug_frame   0x00000434       0x50 c:/program files (x86)/arm gnu toolchain arm-none-eabi/12.2 mpacbti-rel1/bin/../lib/gcc/arm-none-eabi/12.2.1/thumb/v7e-m+fp/hard\libc_nano.a(libc_a-mallocr.o)
 .debug_frame   0x00000484       0x30 c:/program files (x86)/arm gnu toolchain arm-none-eabi/12.2 mpacbti-rel1/bin/../lib/gcc/arm-none-eabi/12.2.1/thumb/v7e-m+fp/hard\libc_nano.a(libc_a-mlock.o)
 .debug_frame   0x000004b4       0x90 c:/program files (x86)/arm gnu toolchain arm-none-eabi/12.2 mpacbti-rel1/bin/../lib/gcc/arm-none-eabi/12.2.1/thumb/v7e-m+fp/hard\libc_nano.a(libc_a-nano-svfprintf.o)
 .debug_frame   0x00000544       0x60 c:/program files (x86)/arm gnu toolchain arm-none-eabi/12.2 mpacbti-rel1/bin/../lib/gcc/arm-none-eabi/12.2.1/thumb/v7e-m+fp/hard\libc_nano.a(libc_a-nano-vfprintf_i.o)
 .debug_frame   0x000005a4       0x28 c:/program files (x86)/arm gnu toolchain arm-none-eabi/12.2 mpacbti-rel1/bin/../lib/gcc/arm-none-eabi/12.2.1/thumb/v7e-m+fp/hard\libc_nano.a(libc_a-memmove.o)
 .debug_frame   0x000005cc       0x2c c:/program files (x86)/arm gnu toolchain arm-none-eabi/12.2 mpacbti-rel1/bin/../lib/gcc/arm-none-eabi/12.2.1/thumb/v7e-m+fp/hard\libc_nano.a(libc_a-sbrkr.o)
 .debug_frame   0x000005f8       0x3c c:/program files (x86)/arm gnu toolchain arm-none-eabi/12.2 mpacbti-rel1/bin/../lib/gcc/arm-none-eabi/12.2.1/thumb/v7e-m+fp/hard\libc_nano.a(libc_a-reallocr.o)
 .debug_frame   0x00000634       0x20 c:/program files (x86)/arm gnu toolchain arm-none-eabi/12.2 mpacbti-rel1/bin/../lib/gcc/arm-none-eabi/12.2.1/thumb/v7e-m+fp/hard\libc_nano.a(libc_a-msizer.o)
 .debug_frame   0x00000654       0x20 c:/program files (x86)/arm gnu toolchain arm-none-eabi/12.2 mpacbti-rel1/bin/../lib/gcc/arm-none-eabi/12.2.1/thumb/v7e-m+fp/hard\libnosys.a(sbrk.o)
