Archive member included to satisfy reference by file (symbol)

c:/program files (x86)/arm gnu toolchain arm-none-eabi/12.2 mpacbti-rel1/bin/../lib/gcc/arm-none-eabi/12.2.1/thumb/v7e-m/nofp\libg.a(libc_a-exit.o)
                              c:/program files (x86)/arm gnu toolchain arm-none-eabi/12.2 mpacbti-rel1/bin/../lib/gcc/arm-none-eabi/12.2.1/thumb/v7e-m/nofp/crt0.o (exit)
c:/program files (x86)/arm gnu toolchain arm-none-eabi/12.2 mpacbti-rel1/bin/../lib/gcc/arm-none-eabi/12.2.1/thumb/v7e-m/nofp\libg.a(libc_a-findfp.o)
                              c:/program files (x86)/arm gnu toolchain arm-none-eabi/12.2 mpacbti-rel1/bin/../lib/gcc/arm-none-eabi/12.2.1/thumb/v7e-m/nofp\libg.a(libc_a-exit.o) (__stdio_exit_handler)
c:/program files (x86)/arm gnu toolchain arm-none-eabi/12.2 mpacbti-rel1/bin/../lib/gcc/arm-none-eabi/12.2.1/thumb/v7e-m/nofp\libg.a(libc_a-fwalk.o)
                              c:/program files (x86)/arm gnu toolchain arm-none-eabi/12.2 mpacbti-rel1/bin/../lib/gcc/arm-none-eabi/12.2.1/thumb/v7e-m/nofp\libg.a(libc_a-findfp.o) (_fwalk_sglue)
c:/program files (x86)/arm gnu toolchain arm-none-eabi/12.2 mpacbti-rel1/bin/../lib/gcc/arm-none-eabi/12.2.1/thumb/v7e-m/nofp\libg.a(libc_a-stdio.o)
                              c:/program files (x86)/arm gnu toolchain arm-none-eabi/12.2 mpacbti-rel1/bin/../lib/gcc/arm-none-eabi/12.2.1/thumb/v7e-m/nofp\libg.a(libc_a-findfp.o) (__sread)
c:/program files (x86)/arm gnu toolchain arm-none-eabi/12.2 mpacbti-rel1/bin/../lib/gcc/arm-none-eabi/12.2.1/thumb/v7e-m/nofp\libg.a(libc_a-memset.o)
                              c:/program files (x86)/arm gnu toolchain arm-none-eabi/12.2 mpacbti-rel1/bin/../lib/gcc/arm-none-eabi/12.2.1/thumb/v7e-m/nofp/crt0.o (memset)
c:/program files (x86)/arm gnu toolchain arm-none-eabi/12.2 mpacbti-rel1/bin/../lib/gcc/arm-none-eabi/12.2.1/thumb/v7e-m/nofp\libg.a(libc_a-closer.o)
                              c:/program files (x86)/arm gnu toolchain arm-none-eabi/12.2 mpacbti-rel1/bin/../lib/gcc/arm-none-eabi/12.2.1/thumb/v7e-m/nofp\libg.a(libc_a-stdio.o) (_close_r)
c:/program files (x86)/arm gnu toolchain arm-none-eabi/12.2 mpacbti-rel1/bin/../lib/gcc/arm-none-eabi/12.2.1/thumb/v7e-m/nofp\libg.a(libc_a-reent.o)
                              c:/program files (x86)/arm gnu toolchain arm-none-eabi/12.2 mpacbti-rel1/bin/../lib/gcc/arm-none-eabi/12.2.1/thumb/v7e-m/nofp\libg.a(libc_a-closer.o) (errno)
c:/program files (x86)/arm gnu toolchain arm-none-eabi/12.2 mpacbti-rel1/bin/../lib/gcc/arm-none-eabi/12.2.1/thumb/v7e-m/nofp\libg.a(libc_a-impure.o)
                              c:/program files (x86)/arm gnu toolchain arm-none-eabi/12.2 mpacbti-rel1/bin/../lib/gcc/arm-none-eabi/12.2.1/thumb/v7e-m/nofp\libg.a(libc_a-reent.o) (_impure_ptr)
c:/program files (x86)/arm gnu toolchain arm-none-eabi/12.2 mpacbti-rel1/bin/../lib/gcc/arm-none-eabi/12.2.1/thumb/v7e-m/nofp\libg.a(libc_a-lseekr.o)
                              c:/program files (x86)/arm gnu toolchain arm-none-eabi/12.2 mpacbti-rel1/bin/../lib/gcc/arm-none-eabi/12.2.1/thumb/v7e-m/nofp\libg.a(libc_a-stdio.o) (_lseek_r)
c:/program files (x86)/arm gnu toolchain arm-none-eabi/12.2 mpacbti-rel1/bin/../lib/gcc/arm-none-eabi/12.2.1/thumb/v7e-m/nofp\libg.a(libc_a-readr.o)
                              c:/program files (x86)/arm gnu toolchain arm-none-eabi/12.2 mpacbti-rel1/bin/../lib/gcc/arm-none-eabi/12.2.1/thumb/v7e-m/nofp\libg.a(libc_a-stdio.o) (_read_r)
c:/program files (x86)/arm gnu toolchain arm-none-eabi/12.2 mpacbti-rel1/bin/../lib/gcc/arm-none-eabi/12.2.1/thumb/v7e-m/nofp\libg.a(libc_a-writer.o)
                              c:/program files (x86)/arm gnu toolchain arm-none-eabi/12.2 mpacbti-rel1/bin/../lib/gcc/arm-none-eabi/12.2.1/thumb/v7e-m/nofp\libg.a(libc_a-stdio.o) (_write_r)
c:/program files (x86)/arm gnu toolchain arm-none-eabi/12.2 mpacbti-rel1/bin/../lib/gcc/arm-none-eabi/12.2.1/thumb/v7e-m/nofp\libg.a(libc_a-init.o)
                              c:/program files (x86)/arm gnu toolchain arm-none-eabi/12.2 mpacbti-rel1/bin/../lib/gcc/arm-none-eabi/12.2.1/thumb/v7e-m/nofp/crt0.o (__libc_init_array)
c:/program files (x86)/arm gnu toolchain arm-none-eabi/12.2 mpacbti-rel1/bin/../lib/gcc/arm-none-eabi/12.2.1/thumb/v7e-m/nofp\libg.a(libc_a-lock.o)
                              c:/program files (x86)/arm gnu toolchain arm-none-eabi/12.2 mpacbti-rel1/bin/../lib/gcc/arm-none-eabi/12.2.1/thumb/v7e-m/nofp\libg.a(libc_a-findfp.o) (__retarget_lock_init_recursive)
c:/program files (x86)/arm gnu toolchain arm-none-eabi/12.2 mpacbti-rel1/bin/../lib/gcc/arm-none-eabi/12.2.1/thumb/v7e-m/nofp\libg.a(libc_a-memcpy.o)
                              main.o (memcpy)
c:/program files (x86)/arm gnu toolchain arm-none-eabi/12.2 mpacbti-rel1/bin/../lib/gcc/arm-none-eabi/12.2.1/thumb/v7e-m/nofp\libg.a(libc_a-__call_atexit.o)
                              c:/program files (x86)/arm gnu toolchain arm-none-eabi/12.2 mpacbti-rel1/bin/../lib/gcc/arm-none-eabi/12.2.1/thumb/v7e-m/nofp\libg.a(libc_a-exit.o) (__call_exitprocs)
c:/program files (x86)/arm gnu toolchain arm-none-eabi/12.2 mpacbti-rel1/bin/../lib/gcc/arm-none-eabi/12.2.1/thumb/v7e-m/nofp\libg.a(libc_a-atexit.o)
                              c:/program files (x86)/arm gnu toolchain arm-none-eabi/12.2 mpacbti-rel1/bin/../lib/gcc/arm-none-eabi/12.2.1/thumb/v7e-m/nofp\libg.a(libc_a-__call_atexit.o) (atexit)
c:/program files (x86)/arm gnu toolchain arm-none-eabi/12.2 mpacbti-rel1/bin/../lib/gcc/arm-none-eabi/12.2.1/thumb/v7e-m/nofp\libg.a(libc_a-freer.o)
                              c:/program files (x86)/arm gnu toolchain arm-none-eabi/12.2 mpacbti-rel1/bin/../lib/gcc/arm-none-eabi/12.2.1/thumb/v7e-m/nofp\libg.a(libc_a-reent.o) (_free_r)
c:/program files (x86)/arm gnu toolchain arm-none-eabi/12.2 mpacbti-rel1/bin/../lib/gcc/arm-none-eabi/12.2.1/thumb/v7e-m/nofp\libg.a(libc_a-mallocr.o)
                              c:/program files (x86)/arm gnu toolchain arm-none-eabi/12.2 mpacbti-rel1/bin/../lib/gcc/arm-none-eabi/12.2.1/thumb/v7e-m/nofp\libg.a(libc_a-findfp.o) (_malloc_r)
c:/program files (x86)/arm gnu toolchain arm-none-eabi/12.2 mpacbti-rel1/bin/../lib/gcc/arm-none-eabi/12.2.1/thumb/v7e-m/nofp\libg.a(libc_a-mlock.o)
                              c:/program files (x86)/arm gnu toolchain arm-none-eabi/12.2 mpacbti-rel1/bin/../lib/gcc/arm-none-eabi/12.2.1/thumb/v7e-m/nofp\libg.a(libc_a-freer.o) (__malloc_lock)
c:/program files (x86)/arm gnu toolchain arm-none-eabi/12.2 mpacbti-rel1/bin/../lib/gcc/arm-none-eabi/12.2.1/thumb/v7e-m/nofp\libg.a(libc_a-fclose.o)
                              c:/program files (x86)/arm gnu toolchain arm-none-eabi/12.2 mpacbti-rel1/bin/../lib/gcc/arm-none-eabi/12.2.1/thumb/v7e-m/nofp\libg.a(libc_a-findfp.o) (_fclose_r)
c:/program files (x86)/arm gnu toolchain arm-none-eabi/12.2 mpacbti-rel1/bin/../lib/gcc/arm-none-eabi/12.2.1/thumb/v7e-m/nofp\libg.a(libc_a-fflush.o)
                              c:/program files (x86)/arm gnu toolchain arm-none-eabi/12.2 mpacbti-rel1/bin/../lib/gcc/arm-none-eabi/12.2.1/thumb/v7e-m/nofp\libg.a(libc_a-fclose.o) (__sflush_r)
c:/program files (x86)/arm gnu toolchain arm-none-eabi/12.2 mpacbti-rel1/bin/../lib/gcc/arm-none-eabi/12.2.1/thumb/v7e-m/nofp\libg.a(libc_a-sbrkr.o)
                              c:/program files (x86)/arm gnu toolchain arm-none-eabi/12.2 mpacbti-rel1/bin/../lib/gcc/arm-none-eabi/12.2.1/thumb/v7e-m/nofp\libg.a(libc_a-freer.o) (_sbrk_r)
c:/program files (x86)/arm gnu toolchain arm-none-eabi/12.2 mpacbti-rel1/bin/../lib/gcc/arm-none-eabi/12.2.1/thumb/v7e-m/nofp\libg.a(libc_a-fini.o)
                              c:/program files (x86)/arm gnu toolchain arm-none-eabi/12.2 mpacbti-rel1/bin/../lib/gcc/arm-none-eabi/12.2.1/thumb/v7e-m/nofp\libg.a(libc_a-__call_atexit.o) (__libc_fini_array)
c:/program files (x86)/arm gnu toolchain arm-none-eabi/12.2 mpacbti-rel1/bin/../lib/gcc/arm-none-eabi/12.2.1/thumb/v7e-m/nofp\libg.a(libc_a-sysconf.o)
                              c:/program files (x86)/arm gnu toolchain arm-none-eabi/12.2 mpacbti-rel1/bin/../lib/gcc/arm-none-eabi/12.2.1/thumb/v7e-m/nofp\libg.a(libc_a-freer.o) (sysconf)
c:/program files (x86)/arm gnu toolchain arm-none-eabi/12.2 mpacbti-rel1/bin/../lib/gcc/arm-none-eabi/12.2.1/thumb/v7e-m/nofp\libg.a(libc_a-__atexit.o)
                              c:/program files (x86)/arm gnu toolchain arm-none-eabi/12.2 mpacbti-rel1/bin/../lib/gcc/arm-none-eabi/12.2.1/thumb/v7e-m/nofp\libg.a(libc_a-atexit.o) (__register_exitproc)
c:/program files (x86)/arm gnu toolchain arm-none-eabi/12.2 mpacbti-rel1/bin/../lib/gcc/arm-none-eabi/12.2.1/thumb/v7e-m/nofp\libg.a(libc_a-errno.o)
                              c:/program files (x86)/arm gnu toolchain arm-none-eabi/12.2 mpacbti-rel1/bin/../lib/gcc/arm-none-eabi/12.2.1/thumb/v7e-m/nofp\libg.a(libc_a-sysconf.o) (__errno)

Discarded input sections

 .text          0x00000000        0x0 c:/program files (x86)/arm gnu toolchain arm-none-eabi/12.2 mpacbti-rel1/bin/../lib/gcc/arm-none-eabi/12.2.1/thumb/v7e-m/nofp/crti.o
 .data          0x00000000        0x0 c:/program files (x86)/arm gnu toolchain arm-none-eabi/12.2 mpacbti-rel1/bin/../lib/gcc/arm-none-eabi/12.2.1/thumb/v7e-m/nofp/crti.o
 .bss           0x00000000        0x0 c:/program files (x86)/arm gnu toolchain arm-none-eabi/12.2 mpacbti-rel1/bin/../lib/gcc/arm-none-eabi/12.2.1/thumb/v7e-m/nofp/crti.o
 .text          0x00000000        0x0 c:/program files (x86)/arm gnu toolchain arm-none-eabi/12.2 mpacbti-rel1/bin/../lib/gcc/arm-none-eabi/12.2.1/thumb/v7e-m/nofp/crtbegin.o
 .data          0x00000000        0x0 c:/program files (x86)/arm gnu toolchain arm-none-eabi/12.2 mpacbti-rel1/bin/../lib/gcc/arm-none-eabi/12.2.1/thumb/v7e-m/nofp/crtbegin.o
 .bss           0x00000000        0x0 c:/program files (x86)/arm gnu toolchain arm-none-eabi/12.2 mpacbti-rel1/bin/../lib/gcc/arm-none-eabi/12.2.1/thumb/v7e-m/nofp/crtbegin.o
 .rodata.all_implied_fbits
                0x00000000       0x24 c:/program files (x86)/arm gnu toolchain arm-none-eabi/12.2 mpacbti-rel1/bin/../lib/gcc/arm-none-eabi/12.2.1/thumb/v7e-m/nofp/crtbegin.o
 .data.__dso_handle
                0x00000000        0x4 c:/program files (x86)/arm gnu toolchain arm-none-eabi/12.2 mpacbti-rel1/bin/../lib/gcc/arm-none-eabi/12.2.1/thumb/v7e-m/nofp/crtbegin.o
 .text          0x00000000       0x7c c:/program files (x86)/arm gnu toolchain arm-none-eabi/12.2 mpacbti-rel1/bin/../lib/gcc/arm-none-eabi/12.2.1/thumb/v7e-m/nofp/crt0.o
 .data          0x00000000        0x0 c:/program files (x86)/arm gnu toolchain arm-none-eabi/12.2 mpacbti-rel1/bin/../lib/gcc/arm-none-eabi/12.2.1/thumb/v7e-m/nofp/crt0.o
 .bss           0x00000000        0x0 c:/program files (x86)/arm gnu toolchain arm-none-eabi/12.2 mpacbti-rel1/bin/../lib/gcc/arm-none-eabi/12.2.1/thumb/v7e-m/nofp/crt0.o
 .ARM.extab     0x00000000        0x0 c:/program files (x86)/arm gnu toolchain arm-none-eabi/12.2 mpacbti-rel1/bin/../lib/gcc/arm-none-eabi/12.2.1/thumb/v7e-m/nofp/crt0.o
 .ARM.exidx     0x00000000       0x10 c:/program files (x86)/arm gnu toolchain arm-none-eabi/12.2 mpacbti-rel1/bin/../lib/gcc/arm-none-eabi/12.2.1/thumb/v7e-m/nofp/crt0.o
 .debug_line_str
                0x00000000       0xe3 c:/program files (x86)/arm gnu toolchain arm-none-eabi/12.2 mpacbti-rel1/bin/../lib/gcc/arm-none-eabi/12.2.1/thumb/v7e-m/nofp/crt0.o
 .ARM.attributes
                0x00000000       0x1c c:/program files (x86)/arm gnu toolchain arm-none-eabi/12.2 mpacbti-rel1/bin/../lib/gcc/arm-none-eabi/12.2.1/thumb/v7e-m/nofp/crt0.o
 .data          0x00000000        0x0 main.o
 .text          0x00000000       0x14 startup.o
 .data          0x00000000        0x0 startup.o
 .bss           0x00000000        0x0 startup.o
 .text          0x00000000        0x0 c:/program files (x86)/arm gnu toolchain arm-none-eabi/12.2 mpacbti-rel1/bin/../lib/gcc/arm-none-eabi/12.2.1/thumb/v7e-m/nofp\libg.a(libc_a-exit.o)
 .data          0x00000000        0x0 c:/program files (x86)/arm gnu toolchain arm-none-eabi/12.2 mpacbti-rel1/bin/../lib/gcc/arm-none-eabi/12.2.1/thumb/v7e-m/nofp\libg.a(libc_a-exit.o)
 .bss           0x00000000        0x0 c:/program files (x86)/arm gnu toolchain arm-none-eabi/12.2 mpacbti-rel1/bin/../lib/gcc/arm-none-eabi/12.2.1/thumb/v7e-m/nofp\libg.a(libc_a-exit.o)
 .text.exit     0x00000000       0x1c c:/program files (x86)/arm gnu toolchain arm-none-eabi/12.2 mpacbti-rel1/bin/../lib/gcc/arm-none-eabi/12.2.1/thumb/v7e-m/nofp\libg.a(libc_a-exit.o)
 .debug_frame   0x00000000       0x28 c:/program files (x86)/arm gnu toolchain arm-none-eabi/12.2 mpacbti-rel1/bin/../lib/gcc/arm-none-eabi/12.2.1/thumb/v7e-m/nofp\libg.a(libc_a-exit.o)
 .ARM.attributes
                0x00000000       0x2e c:/program files (x86)/arm gnu toolchain arm-none-eabi/12.2 mpacbti-rel1/bin/../lib/gcc/arm-none-eabi/12.2.1/thumb/v7e-m/nofp\libg.a(libc_a-exit.o)
 .text          0x00000000        0x0 c:/program files (x86)/arm gnu toolchain arm-none-eabi/12.2 mpacbti-rel1/bin/../lib/gcc/arm-none-eabi/12.2.1/thumb/v7e-m/nofp\libg.a(libc_a-findfp.o)
 .data          0x00000000        0x0 c:/program files (x86)/arm gnu toolchain arm-none-eabi/12.2 mpacbti-rel1/bin/../lib/gcc/arm-none-eabi/12.2.1/thumb/v7e-m/nofp\libg.a(libc_a-findfp.o)
 .bss           0x00000000        0x0 c:/program files (x86)/arm gnu toolchain arm-none-eabi/12.2 mpacbti-rel1/bin/../lib/gcc/arm-none-eabi/12.2.1/thumb/v7e-m/nofp\libg.a(libc_a-findfp.o)
 .text.stdio_exit_handler
                0x00000000       0x18 c:/program files (x86)/arm gnu toolchain arm-none-eabi/12.2 mpacbti-rel1/bin/../lib/gcc/arm-none-eabi/12.2.1/thumb/v7e-m/nofp\libg.a(libc_a-findfp.o)
 .text.cleanup_stdio
                0x00000000       0x40 c:/program files (x86)/arm gnu toolchain arm-none-eabi/12.2 mpacbti-rel1/bin/../lib/gcc/arm-none-eabi/12.2.1/thumb/v7e-m/nofp\libg.a(libc_a-findfp.o)
 .text.__fp_lock
                0x00000000       0x1c c:/program files (x86)/arm gnu toolchain arm-none-eabi/12.2 mpacbti-rel1/bin/../lib/gcc/arm-none-eabi/12.2.1/thumb/v7e-m/nofp\libg.a(libc_a-findfp.o)
 .text.__fp_unlock
                0x00000000       0x1c c:/program files (x86)/arm gnu toolchain arm-none-eabi/12.2 mpacbti-rel1/bin/../lib/gcc/arm-none-eabi/12.2.1/thumb/v7e-m/nofp\libg.a(libc_a-findfp.o)
 .text.global_stdio_init.part.0
                0x00000000       0xf0 c:/program files (x86)/arm gnu toolchain arm-none-eabi/12.2 mpacbti-rel1/bin/../lib/gcc/arm-none-eabi/12.2.1/thumb/v7e-m/nofp\libg.a(libc_a-findfp.o)
 .text.__sfp    0x00000000       0xc0 c:/program files (x86)/arm gnu toolchain arm-none-eabi/12.2 mpacbti-rel1/bin/../lib/gcc/arm-none-eabi/12.2.1/thumb/v7e-m/nofp\libg.a(libc_a-findfp.o)
 .text.__sinit  0x00000000       0x3c c:/program files (x86)/arm gnu toolchain arm-none-eabi/12.2 mpacbti-rel1/bin/../lib/gcc/arm-none-eabi/12.2.1/thumb/v7e-m/nofp\libg.a(libc_a-findfp.o)
 .text.__sfp_lock_acquire
                0x00000000        0xc c:/program files (x86)/arm gnu toolchain arm-none-eabi/12.2 mpacbti-rel1/bin/../lib/gcc/arm-none-eabi/12.2.1/thumb/v7e-m/nofp\libg.a(libc_a-findfp.o)
 .text.__sfp_lock_release
                0x00000000        0xc c:/program files (x86)/arm gnu toolchain arm-none-eabi/12.2 mpacbti-rel1/bin/../lib/gcc/arm-none-eabi/12.2.1/thumb/v7e-m/nofp\libg.a(libc_a-findfp.o)
 .text.__fp_lock_all
                0x00000000       0x24 c:/program files (x86)/arm gnu toolchain arm-none-eabi/12.2 mpacbti-rel1/bin/../lib/gcc/arm-none-eabi/12.2.1/thumb/v7e-m/nofp\libg.a(libc_a-findfp.o)
 .text.__fp_unlock_all
                0x00000000       0x24 c:/program files (x86)/arm gnu toolchain arm-none-eabi/12.2 mpacbti-rel1/bin/../lib/gcc/arm-none-eabi/12.2.1/thumb/v7e-m/nofp\libg.a(libc_a-findfp.o)
 .data.__sglue  0x00000000        0xc c:/program files (x86)/arm gnu toolchain arm-none-eabi/12.2 mpacbti-rel1/bin/../lib/gcc/arm-none-eabi/12.2.1/thumb/v7e-m/nofp\libg.a(libc_a-findfp.o)
 .bss.__sf      0x00000000      0x138 c:/program files (x86)/arm gnu toolchain arm-none-eabi/12.2 mpacbti-rel1/bin/../lib/gcc/arm-none-eabi/12.2.1/thumb/v7e-m/nofp\libg.a(libc_a-findfp.o)
 .bss.__stdio_exit_handler
                0x00000000        0x4 c:/program files (x86)/arm gnu toolchain arm-none-eabi/12.2 mpacbti-rel1/bin/../lib/gcc/arm-none-eabi/12.2.1/thumb/v7e-m/nofp\libg.a(libc_a-findfp.o)
 .debug_frame   0x00000000      0x13c c:/program files (x86)/arm gnu toolchain arm-none-eabi/12.2 mpacbti-rel1/bin/../lib/gcc/arm-none-eabi/12.2.1/thumb/v7e-m/nofp\libg.a(libc_a-findfp.o)
 .ARM.attributes
                0x00000000       0x2e c:/program files (x86)/arm gnu toolchain arm-none-eabi/12.2 mpacbti-rel1/bin/../lib/gcc/arm-none-eabi/12.2.1/thumb/v7e-m/nofp\libg.a(libc_a-findfp.o)
 .text          0x00000000        0x0 c:/program files (x86)/arm gnu toolchain arm-none-eabi/12.2 mpacbti-rel1/bin/../lib/gcc/arm-none-eabi/12.2.1/thumb/v7e-m/nofp\libg.a(libc_a-fwalk.o)
 .data          0x00000000        0x0 c:/program files (x86)/arm gnu toolchain arm-none-eabi/12.2 mpacbti-rel1/bin/../lib/gcc/arm-none-eabi/12.2.1/thumb/v7e-m/nofp\libg.a(libc_a-fwalk.o)
 .bss           0x00000000        0x0 c:/program files (x86)/arm gnu toolchain arm-none-eabi/12.2 mpacbti-rel1/bin/../lib/gcc/arm-none-eabi/12.2.1/thumb/v7e-m/nofp\libg.a(libc_a-fwalk.o)
 .text._fwalk_sglue
                0x00000000       0x48 c:/program files (x86)/arm gnu toolchain arm-none-eabi/12.2 mpacbti-rel1/bin/../lib/gcc/arm-none-eabi/12.2.1/thumb/v7e-m/nofp\libg.a(libc_a-fwalk.o)
 .debug_frame   0x00000000       0x34 c:/program files (x86)/arm gnu toolchain arm-none-eabi/12.2 mpacbti-rel1/bin/../lib/gcc/arm-none-eabi/12.2.1/thumb/v7e-m/nofp\libg.a(libc_a-fwalk.o)
 .ARM.attributes
                0x00000000       0x2e c:/program files (x86)/arm gnu toolchain arm-none-eabi/12.2 mpacbti-rel1/bin/../lib/gcc/arm-none-eabi/12.2.1/thumb/v7e-m/nofp\libg.a(libc_a-fwalk.o)
 .text          0x00000000        0x0 c:/program files (x86)/arm gnu toolchain arm-none-eabi/12.2 mpacbti-rel1/bin/../lib/gcc/arm-none-eabi/12.2.1/thumb/v7e-m/nofp\libg.a(libc_a-stdio.o)
 .data          0x00000000        0x0 c:/program files (x86)/arm gnu toolchain arm-none-eabi/12.2 mpacbti-rel1/bin/../lib/gcc/arm-none-eabi/12.2.1/thumb/v7e-m/nofp\libg.a(libc_a-stdio.o)
 .bss           0x00000000        0x0 c:/program files (x86)/arm gnu toolchain arm-none-eabi/12.2 mpacbti-rel1/bin/../lib/gcc/arm-none-eabi/12.2.1/thumb/v7e-m/nofp\libg.a(libc_a-stdio.o)
 .text.__sread  0x00000000       0x24 c:/program files (x86)/arm gnu toolchain arm-none-eabi/12.2 mpacbti-rel1/bin/../lib/gcc/arm-none-eabi/12.2.1/thumb/v7e-m/nofp\libg.a(libc_a-stdio.o)
 .text.__seofread
                0x00000000        0x4 c:/program files (x86)/arm gnu toolchain arm-none-eabi/12.2 mpacbti-rel1/bin/../lib/gcc/arm-none-eabi/12.2.1/thumb/v7e-m/nofp\libg.a(libc_a-stdio.o)
 .text.__swrite
                0x00000000       0x40 c:/program files (x86)/arm gnu toolchain arm-none-eabi/12.2 mpacbti-rel1/bin/../lib/gcc/arm-none-eabi/12.2.1/thumb/v7e-m/nofp\libg.a(libc_a-stdio.o)
 .text.__sseek  0x00000000       0x24 c:/program files (x86)/arm gnu toolchain arm-none-eabi/12.2 mpacbti-rel1/bin/../lib/gcc/arm-none-eabi/12.2.1/thumb/v7e-m/nofp\libg.a(libc_a-stdio.o)
 .text.__sclose
                0x00000000        0x8 c:/program files (x86)/arm gnu toolchain arm-none-eabi/12.2 mpacbti-rel1/bin/../lib/gcc/arm-none-eabi/12.2.1/thumb/v7e-m/nofp\libg.a(libc_a-stdio.o)
 .debug_frame   0x00000000       0x8c c:/program files (x86)/arm gnu toolchain arm-none-eabi/12.2 mpacbti-rel1/bin/../lib/gcc/arm-none-eabi/12.2.1/thumb/v7e-m/nofp\libg.a(libc_a-stdio.o)
 .ARM.attributes
                0x00000000       0x2e c:/program files (x86)/arm gnu toolchain arm-none-eabi/12.2 mpacbti-rel1/bin/../lib/gcc/arm-none-eabi/12.2.1/thumb/v7e-m/nofp\libg.a(libc_a-stdio.o)
 .text          0x00000000        0x0 c:/program files (x86)/arm gnu toolchain arm-none-eabi/12.2 mpacbti-rel1/bin/../lib/gcc/arm-none-eabi/12.2.1/thumb/v7e-m/nofp\libg.a(libc_a-memset.o)
 .data          0x00000000        0x0 c:/program files (x86)/arm gnu toolchain arm-none-eabi/12.2 mpacbti-rel1/bin/../lib/gcc/arm-none-eabi/12.2.1/thumb/v7e-m/nofp\libg.a(libc_a-memset.o)
 .bss           0x00000000        0x0 c:/program files (x86)/arm gnu toolchain arm-none-eabi/12.2 mpacbti-rel1/bin/../lib/gcc/arm-none-eabi/12.2.1/thumb/v7e-m/nofp\libg.a(libc_a-memset.o)
 .text.memset   0x00000000       0xa4 c:/program files (x86)/arm gnu toolchain arm-none-eabi/12.2 mpacbti-rel1/bin/../lib/gcc/arm-none-eabi/12.2.1/thumb/v7e-m/nofp\libg.a(libc_a-memset.o)
 .debug_frame   0x00000000       0x2c c:/program files (x86)/arm gnu toolchain arm-none-eabi/12.2 mpacbti-rel1/bin/../lib/gcc/arm-none-eabi/12.2.1/thumb/v7e-m/nofp\libg.a(libc_a-memset.o)
 .ARM.attributes
                0x00000000       0x2e c:/program files (x86)/arm gnu toolchain arm-none-eabi/12.2 mpacbti-rel1/bin/../lib/gcc/arm-none-eabi/12.2.1/thumb/v7e-m/nofp\libg.a(libc_a-memset.o)
 .text          0x00000000        0x0 c:/program files (x86)/arm gnu toolchain arm-none-eabi/12.2 mpacbti-rel1/bin/../lib/gcc/arm-none-eabi/12.2.1/thumb/v7e-m/nofp\libg.a(libc_a-closer.o)
 .data          0x00000000        0x0 c:/program files (x86)/arm gnu toolchain arm-none-eabi/12.2 mpacbti-rel1/bin/../lib/gcc/arm-none-eabi/12.2.1/thumb/v7e-m/nofp\libg.a(libc_a-closer.o)
 .bss           0x00000000        0x0 c:/program files (x86)/arm gnu toolchain arm-none-eabi/12.2 mpacbti-rel1/bin/../lib/gcc/arm-none-eabi/12.2.1/thumb/v7e-m/nofp\libg.a(libc_a-closer.o)
 .text._close_r
                0x00000000       0x24 c:/program files (x86)/arm gnu toolchain arm-none-eabi/12.2 mpacbti-rel1/bin/../lib/gcc/arm-none-eabi/12.2.1/thumb/v7e-m/nofp\libg.a(libc_a-closer.o)
 .debug_frame   0x00000000       0x2c c:/program files (x86)/arm gnu toolchain arm-none-eabi/12.2 mpacbti-rel1/bin/../lib/gcc/arm-none-eabi/12.2.1/thumb/v7e-m/nofp\libg.a(libc_a-closer.o)
 .ARM.attributes
                0x00000000       0x2e c:/program files (x86)/arm gnu toolchain arm-none-eabi/12.2 mpacbti-rel1/bin/../lib/gcc/arm-none-eabi/12.2.1/thumb/v7e-m/nofp\libg.a(libc_a-closer.o)
 .text          0x00000000        0x0 c:/program files (x86)/arm gnu toolchain arm-none-eabi/12.2 mpacbti-rel1/bin/../lib/gcc/arm-none-eabi/12.2.1/thumb/v7e-m/nofp\libg.a(libc_a-reent.o)
 .data          0x00000000        0x0 c:/program files (x86)/arm gnu toolchain arm-none-eabi/12.2 mpacbti-rel1/bin/../lib/gcc/arm-none-eabi/12.2.1/thumb/v7e-m/nofp\libg.a(libc_a-reent.o)
 .bss           0x00000000        0x0 c:/program files (x86)/arm gnu toolchain arm-none-eabi/12.2 mpacbti-rel1/bin/../lib/gcc/arm-none-eabi/12.2.1/thumb/v7e-m/nofp\libg.a(libc_a-reent.o)
 .text._reclaim_reent
                0x00000000       0x5c c:/program files (x86)/arm gnu toolchain arm-none-eabi/12.2 mpacbti-rel1/bin/../lib/gcc/arm-none-eabi/12.2.1/thumb/v7e-m/nofp\libg.a(libc_a-reent.o)
 .bss.errno     0x00000000        0x4 c:/program files (x86)/arm gnu toolchain arm-none-eabi/12.2 mpacbti-rel1/bin/../lib/gcc/arm-none-eabi/12.2.1/thumb/v7e-m/nofp\libg.a(libc_a-reent.o)
 .debug_frame   0x00000000       0x3c c:/program files (x86)/arm gnu toolchain arm-none-eabi/12.2 mpacbti-rel1/bin/../lib/gcc/arm-none-eabi/12.2.1/thumb/v7e-m/nofp\libg.a(libc_a-reent.o)
 .ARM.attributes
                0x00000000       0x2e c:/program files (x86)/arm gnu toolchain arm-none-eabi/12.2 mpacbti-rel1/bin/../lib/gcc/arm-none-eabi/12.2.1/thumb/v7e-m/nofp\libg.a(libc_a-reent.o)
 .text          0x00000000        0x0 c:/program files (x86)/arm gnu toolchain arm-none-eabi/12.2 mpacbti-rel1/bin/../lib/gcc/arm-none-eabi/12.2.1/thumb/v7e-m/nofp\libg.a(libc_a-impure.o)
 .data          0x00000000        0x0 c:/program files (x86)/arm gnu toolchain arm-none-eabi/12.2 mpacbti-rel1/bin/../lib/gcc/arm-none-eabi/12.2.1/thumb/v7e-m/nofp\libg.a(libc_a-impure.o)
 .bss           0x00000000        0x0 c:/program files (x86)/arm gnu toolchain arm-none-eabi/12.2 mpacbti-rel1/bin/../lib/gcc/arm-none-eabi/12.2.1/thumb/v7e-m/nofp\libg.a(libc_a-impure.o)
 .data._impure_ptr
                0x00000000        0x4 c:/program files (x86)/arm gnu toolchain arm-none-eabi/12.2 mpacbti-rel1/bin/../lib/gcc/arm-none-eabi/12.2.1/thumb/v7e-m/nofp\libg.a(libc_a-impure.o)
 .data._impure_data
                0x00000000      0x120 c:/program files (x86)/arm gnu toolchain arm-none-eabi/12.2 mpacbti-rel1/bin/../lib/gcc/arm-none-eabi/12.2.1/thumb/v7e-m/nofp\libg.a(libc_a-impure.o)
 .ARM.attributes
                0x00000000       0x2e c:/program files (x86)/arm gnu toolchain arm-none-eabi/12.2 mpacbti-rel1/bin/../lib/gcc/arm-none-eabi/12.2.1/thumb/v7e-m/nofp\libg.a(libc_a-impure.o)
 .text          0x00000000        0x0 c:/program files (x86)/arm gnu toolchain arm-none-eabi/12.2 mpacbti-rel1/bin/../lib/gcc/arm-none-eabi/12.2.1/thumb/v7e-m/nofp\libg.a(libc_a-lseekr.o)
 .data          0x00000000        0x0 c:/program files (x86)/arm gnu toolchain arm-none-eabi/12.2 mpacbti-rel1/bin/../lib/gcc/arm-none-eabi/12.2.1/thumb/v7e-m/nofp\libg.a(libc_a-lseekr.o)
 .bss           0x00000000        0x0 c:/program files (x86)/arm gnu toolchain arm-none-eabi/12.2 mpacbti-rel1/bin/../lib/gcc/arm-none-eabi/12.2.1/thumb/v7e-m/nofp\libg.a(libc_a-lseekr.o)
 .text._lseek_r
                0x00000000       0x2c c:/program files (x86)/arm gnu toolchain arm-none-eabi/12.2 mpacbti-rel1/bin/../lib/gcc/arm-none-eabi/12.2.1/thumb/v7e-m/nofp\libg.a(libc_a-lseekr.o)
 .debug_frame   0x00000000       0x2c c:/program files (x86)/arm gnu toolchain arm-none-eabi/12.2 mpacbti-rel1/bin/../lib/gcc/arm-none-eabi/12.2.1/thumb/v7e-m/nofp\libg.a(libc_a-lseekr.o)
 .ARM.attributes
                0x00000000       0x2e c:/program files (x86)/arm gnu toolchain arm-none-eabi/12.2 mpacbti-rel1/bin/../lib/gcc/arm-none-eabi/12.2.1/thumb/v7e-m/nofp\libg.a(libc_a-lseekr.o)
 .text          0x00000000        0x0 c:/program files (x86)/arm gnu toolchain arm-none-eabi/12.2 mpacbti-rel1/bin/../lib/gcc/arm-none-eabi/12.2.1/thumb/v7e-m/nofp\libg.a(libc_a-readr.o)
 .data          0x00000000        0x0 c:/program files (x86)/arm gnu toolchain arm-none-eabi/12.2 mpacbti-rel1/bin/../lib/gcc/arm-none-eabi/12.2.1/thumb/v7e-m/nofp\libg.a(libc_a-readr.o)
 .bss           0x00000000        0x0 c:/program files (x86)/arm gnu toolchain arm-none-eabi/12.2 mpacbti-rel1/bin/../lib/gcc/arm-none-eabi/12.2.1/thumb/v7e-m/nofp\libg.a(libc_a-readr.o)
 .text._read_r  0x00000000       0x2c c:/program files (x86)/arm gnu toolchain arm-none-eabi/12.2 mpacbti-rel1/bin/../lib/gcc/arm-none-eabi/12.2.1/thumb/v7e-m/nofp\libg.a(libc_a-readr.o)
 .debug_frame   0x00000000       0x2c c:/program files (x86)/arm gnu toolchain arm-none-eabi/12.2 mpacbti-rel1/bin/../lib/gcc/arm-none-eabi/12.2.1/thumb/v7e-m/nofp\libg.a(libc_a-readr.o)
 .ARM.attributes
                0x00000000       0x2e c:/program files (x86)/arm gnu toolchain arm-none-eabi/12.2 mpacbti-rel1/bin/../lib/gcc/arm-none-eabi/12.2.1/thumb/v7e-m/nofp\libg.a(libc_a-readr.o)
 .text          0x00000000        0x0 c:/program files (x86)/arm gnu toolchain arm-none-eabi/12.2 mpacbti-rel1/bin/../lib/gcc/arm-none-eabi/12.2.1/thumb/v7e-m/nofp\libg.a(libc_a-writer.o)
 .data          0x00000000        0x0 c:/program files (x86)/arm gnu toolchain arm-none-eabi/12.2 mpacbti-rel1/bin/../lib/gcc/arm-none-eabi/12.2.1/thumb/v7e-m/nofp\libg.a(libc_a-writer.o)
 .bss           0x00000000        0x0 c:/program files (x86)/arm gnu toolchain arm-none-eabi/12.2 mpacbti-rel1/bin/../lib/gcc/arm-none-eabi/12.2.1/thumb/v7e-m/nofp\libg.a(libc_a-writer.o)
 .text._write_r
                0x00000000       0x2c c:/program files (x86)/arm gnu toolchain arm-none-eabi/12.2 mpacbti-rel1/bin/../lib/gcc/arm-none-eabi/12.2.1/thumb/v7e-m/nofp\libg.a(libc_a-writer.o)
 .debug_frame   0x00000000       0x2c c:/program files (x86)/arm gnu toolchain arm-none-eabi/12.2 mpacbti-rel1/bin/../lib/gcc/arm-none-eabi/12.2.1/thumb/v7e-m/nofp\libg.a(libc_a-writer.o)
 .ARM.attributes
                0x00000000       0x2e c:/program files (x86)/arm gnu toolchain arm-none-eabi/12.2 mpacbti-rel1/bin/../lib/gcc/arm-none-eabi/12.2.1/thumb/v7e-m/nofp\libg.a(libc_a-writer.o)
 .text          0x00000000        0x0 c:/program files (x86)/arm gnu toolchain arm-none-eabi/12.2 mpacbti-rel1/bin/../lib/gcc/arm-none-eabi/12.2.1/thumb/v7e-m/nofp\libg.a(libc_a-init.o)
 .data          0x00000000        0x0 c:/program files (x86)/arm gnu toolchain arm-none-eabi/12.2 mpacbti-rel1/bin/../lib/gcc/arm-none-eabi/12.2.1/thumb/v7e-m/nofp\libg.a(libc_a-init.o)
 .bss           0x00000000        0x0 c:/program files (x86)/arm gnu toolchain arm-none-eabi/12.2 mpacbti-rel1/bin/../lib/gcc/arm-none-eabi/12.2.1/thumb/v7e-m/nofp\libg.a(libc_a-init.o)
 .text          0x00000000        0x0 c:/program files (x86)/arm gnu toolchain arm-none-eabi/12.2 mpacbti-rel1/bin/../lib/gcc/arm-none-eabi/12.2.1/thumb/v7e-m/nofp\libg.a(libc_a-lock.o)
 .data          0x00000000        0x0 c:/program files (x86)/arm gnu toolchain arm-none-eabi/12.2 mpacbti-rel1/bin/../lib/gcc/arm-none-eabi/12.2.1/thumb/v7e-m/nofp\libg.a(libc_a-lock.o)
 .bss           0x00000000        0x0 c:/program files (x86)/arm gnu toolchain arm-none-eabi/12.2 mpacbti-rel1/bin/../lib/gcc/arm-none-eabi/12.2.1/thumb/v7e-m/nofp\libg.a(libc_a-lock.o)
 .text.__retarget_lock_init
                0x00000000        0x4 c:/program files (x86)/arm gnu toolchain arm-none-eabi/12.2 mpacbti-rel1/bin/../lib/gcc/arm-none-eabi/12.2.1/thumb/v7e-m/nofp\libg.a(libc_a-lock.o)
 .text.__retarget_lock_init_recursive
                0x00000000        0x4 c:/program files (x86)/arm gnu toolchain arm-none-eabi/12.2 mpacbti-rel1/bin/../lib/gcc/arm-none-eabi/12.2.1/thumb/v7e-m/nofp\libg.a(libc_a-lock.o)
 .text.__retarget_lock_close
                0x00000000        0x4 c:/program files (x86)/arm gnu toolchain arm-none-eabi/12.2 mpacbti-rel1/bin/../lib/gcc/arm-none-eabi/12.2.1/thumb/v7e-m/nofp\libg.a(libc_a-lock.o)
 .text.__retarget_lock_close_recursive
                0x00000000        0x4 c:/program files (x86)/arm gnu toolchain arm-none-eabi/12.2 mpacbti-rel1/bin/../lib/gcc/arm-none-eabi/12.2.1/thumb/v7e-m/nofp\libg.a(libc_a-lock.o)
 .text.__retarget_lock_acquire
                0x00000000        0x4 c:/program files (x86)/arm gnu toolchain arm-none-eabi/12.2 mpacbti-rel1/bin/../lib/gcc/arm-none-eabi/12.2.1/thumb/v7e-m/nofp\libg.a(libc_a-lock.o)
 .text.__retarget_lock_try_acquire
                0x00000000        0x4 c:/program files (x86)/arm gnu toolchain arm-none-eabi/12.2 mpacbti-rel1/bin/../lib/gcc/arm-none-eabi/12.2.1/thumb/v7e-m/nofp\libg.a(libc_a-lock.o)
 .text.__retarget_lock_try_acquire_recursive
                0x00000000        0x4 c:/program files (x86)/arm gnu toolchain arm-none-eabi/12.2 mpacbti-rel1/bin/../lib/gcc/arm-none-eabi/12.2.1/thumb/v7e-m/nofp\libg.a(libc_a-lock.o)
 .text.__retarget_lock_release
                0x00000000        0x4 c:/program files (x86)/arm gnu toolchain arm-none-eabi/12.2 mpacbti-rel1/bin/../lib/gcc/arm-none-eabi/12.2.1/thumb/v7e-m/nofp\libg.a(libc_a-lock.o)
 .bss.__lock___arc4random_mutex
                0x00000000        0x1 c:/program files (x86)/arm gnu toolchain arm-none-eabi/12.2 mpacbti-rel1/bin/../lib/gcc/arm-none-eabi/12.2.1/thumb/v7e-m/nofp\libg.a(libc_a-lock.o)
 .bss.__lock___dd_hash_mutex
                0x00000000        0x1 c:/program files (x86)/arm gnu toolchain arm-none-eabi/12.2 mpacbti-rel1/bin/../lib/gcc/arm-none-eabi/12.2.1/thumb/v7e-m/nofp\libg.a(libc_a-lock.o)
 .bss.__lock___tz_mutex
                0x00000000        0x1 c:/program files (x86)/arm gnu toolchain arm-none-eabi/12.2 mpacbti-rel1/bin/../lib/gcc/arm-none-eabi/12.2.1/thumb/v7e-m/nofp\libg.a(libc_a-lock.o)
 .bss.__lock___env_recursive_mutex
                0x00000000        0x1 c:/program files (x86)/arm gnu toolchain arm-none-eabi/12.2 mpacbti-rel1/bin/../lib/gcc/arm-none-eabi/12.2.1/thumb/v7e-m/nofp\libg.a(libc_a-lock.o)
 .bss.__lock___malloc_recursive_mutex
                0x00000000        0x1 c:/program files (x86)/arm gnu toolchain arm-none-eabi/12.2 mpacbti-rel1/bin/../lib/gcc/arm-none-eabi/12.2.1/thumb/v7e-m/nofp\libg.a(libc_a-lock.o)
 .bss.__lock___at_quick_exit_mutex
                0x00000000        0x1 c:/program files (x86)/arm gnu toolchain arm-none-eabi/12.2 mpacbti-rel1/bin/../lib/gcc/arm-none-eabi/12.2.1/thumb/v7e-m/nofp\libg.a(libc_a-lock.o)
 .bss.__lock___sfp_recursive_mutex
                0x00000000        0x1 c:/program files (x86)/arm gnu toolchain arm-none-eabi/12.2 mpacbti-rel1/bin/../lib/gcc/arm-none-eabi/12.2.1/thumb/v7e-m/nofp\libg.a(libc_a-lock.o)
 .data          0x00000000        0x0 c:/program files (x86)/arm gnu toolchain arm-none-eabi/12.2 mpacbti-rel1/bin/../lib/gcc/arm-none-eabi/12.2.1/thumb/v7e-m/nofp\libg.a(libc_a-memcpy.o)
 .bss           0x00000000        0x0 c:/program files (x86)/arm gnu toolchain arm-none-eabi/12.2 mpacbti-rel1/bin/../lib/gcc/arm-none-eabi/12.2.1/thumb/v7e-m/nofp\libg.a(libc_a-memcpy.o)
 .ARM.extab     0x00000000        0x0 c:/program files (x86)/arm gnu toolchain arm-none-eabi/12.2 mpacbti-rel1/bin/../lib/gcc/arm-none-eabi/12.2.1/thumb/v7e-m/nofp\libg.a(libc_a-memcpy.o)
 .eh_frame      0x00000000       0x2c c:/program files (x86)/arm gnu toolchain arm-none-eabi/12.2 mpacbti-rel1/bin/../lib/gcc/arm-none-eabi/12.2.1/thumb/v7e-m/nofp\libg.a(libc_a-memcpy.o)
 .text          0x00000000        0x0 c:/program files (x86)/arm gnu toolchain arm-none-eabi/12.2 mpacbti-rel1/bin/../lib/gcc/arm-none-eabi/12.2.1/thumb/v7e-m/nofp\libg.a(libc_a-__call_atexit.o)
 .data          0x00000000        0x0 c:/program files (x86)/arm gnu toolchain arm-none-eabi/12.2 mpacbti-rel1/bin/../lib/gcc/arm-none-eabi/12.2.1/thumb/v7e-m/nofp\libg.a(libc_a-__call_atexit.o)
 .bss           0x00000000        0x0 c:/program files (x86)/arm gnu toolchain arm-none-eabi/12.2 mpacbti-rel1/bin/../lib/gcc/arm-none-eabi/12.2.1/thumb/v7e-m/nofp\libg.a(libc_a-__call_atexit.o)
 .text.__call_exitprocs
                0x00000000       0xb4 c:/program files (x86)/arm gnu toolchain arm-none-eabi/12.2 mpacbti-rel1/bin/../lib/gcc/arm-none-eabi/12.2.1/thumb/v7e-m/nofp\libg.a(libc_a-__call_atexit.o)
 .text          0x00000000        0x0 c:/program files (x86)/arm gnu toolchain arm-none-eabi/12.2 mpacbti-rel1/bin/../lib/gcc/arm-none-eabi/12.2.1/thumb/v7e-m/nofp\libg.a(libc_a-atexit.o)
 .data          0x00000000        0x0 c:/program files (x86)/arm gnu toolchain arm-none-eabi/12.2 mpacbti-rel1/bin/../lib/gcc/arm-none-eabi/12.2.1/thumb/v7e-m/nofp\libg.a(libc_a-atexit.o)
 .bss           0x00000000        0x0 c:/program files (x86)/arm gnu toolchain arm-none-eabi/12.2 mpacbti-rel1/bin/../lib/gcc/arm-none-eabi/12.2.1/thumb/v7e-m/nofp\libg.a(libc_a-atexit.o)
 .text          0x00000000        0x0 c:/program files (x86)/arm gnu toolchain arm-none-eabi/12.2 mpacbti-rel1/bin/../lib/gcc/arm-none-eabi/12.2.1/thumb/v7e-m/nofp\libg.a(libc_a-freer.o)
 .data          0x00000000        0x0 c:/program files (x86)/arm gnu toolchain arm-none-eabi/12.2 mpacbti-rel1/bin/../lib/gcc/arm-none-eabi/12.2.1/thumb/v7e-m/nofp\libg.a(libc_a-freer.o)
 .bss           0x00000000        0x0 c:/program files (x86)/arm gnu toolchain arm-none-eabi/12.2 mpacbti-rel1/bin/../lib/gcc/arm-none-eabi/12.2.1/thumb/v7e-m/nofp\libg.a(libc_a-freer.o)
 .text._malloc_trim_r
                0x00000000       0xb8 c:/program files (x86)/arm gnu toolchain arm-none-eabi/12.2 mpacbti-rel1/bin/../lib/gcc/arm-none-eabi/12.2.1/thumb/v7e-m/nofp\libg.a(libc_a-freer.o)
 .text._free_r  0x00000000      0x1fc c:/program files (x86)/arm gnu toolchain arm-none-eabi/12.2 mpacbti-rel1/bin/../lib/gcc/arm-none-eabi/12.2.1/thumb/v7e-m/nofp\libg.a(libc_a-freer.o)
 .debug_frame   0x00000000       0x78 c:/program files (x86)/arm gnu toolchain arm-none-eabi/12.2 mpacbti-rel1/bin/../lib/gcc/arm-none-eabi/12.2.1/thumb/v7e-m/nofp\libg.a(libc_a-freer.o)
 .ARM.attributes
                0x00000000       0x2e c:/program files (x86)/arm gnu toolchain arm-none-eabi/12.2 mpacbti-rel1/bin/../lib/gcc/arm-none-eabi/12.2.1/thumb/v7e-m/nofp\libg.a(libc_a-freer.o)
 .text          0x00000000        0x0 c:/program files (x86)/arm gnu toolchain arm-none-eabi/12.2 mpacbti-rel1/bin/../lib/gcc/arm-none-eabi/12.2.1/thumb/v7e-m/nofp\libg.a(libc_a-mallocr.o)
 .data          0x00000000        0x0 c:/program files (x86)/arm gnu toolchain arm-none-eabi/12.2 mpacbti-rel1/bin/../lib/gcc/arm-none-eabi/12.2.1/thumb/v7e-m/nofp\libg.a(libc_a-mallocr.o)
 .bss           0x00000000        0x0 c:/program files (x86)/arm gnu toolchain arm-none-eabi/12.2 mpacbti-rel1/bin/../lib/gcc/arm-none-eabi/12.2.1/thumb/v7e-m/nofp\libg.a(libc_a-mallocr.o)
 .text._malloc_r
                0x00000000      0x574 c:/program files (x86)/arm gnu toolchain arm-none-eabi/12.2 mpacbti-rel1/bin/../lib/gcc/arm-none-eabi/12.2.1/thumb/v7e-m/nofp\libg.a(libc_a-mallocr.o)
 .bss.__malloc_current_mallinfo
                0x00000000       0x28 c:/program files (x86)/arm gnu toolchain arm-none-eabi/12.2 mpacbti-rel1/bin/../lib/gcc/arm-none-eabi/12.2.1/thumb/v7e-m/nofp\libg.a(libc_a-mallocr.o)
 .bss.__malloc_max_total_mem
                0x00000000        0x4 c:/program files (x86)/arm gnu toolchain arm-none-eabi/12.2 mpacbti-rel1/bin/../lib/gcc/arm-none-eabi/12.2.1/thumb/v7e-m/nofp\libg.a(libc_a-mallocr.o)
 .bss.__malloc_max_sbrked_mem
                0x00000000        0x4 c:/program files (x86)/arm gnu toolchain arm-none-eabi/12.2 mpacbti-rel1/bin/../lib/gcc/arm-none-eabi/12.2.1/thumb/v7e-m/nofp\libg.a(libc_a-mallocr.o)
 .data.__malloc_sbrk_base
                0x00000000        0x4 c:/program files (x86)/arm gnu toolchain arm-none-eabi/12.2 mpacbti-rel1/bin/../lib/gcc/arm-none-eabi/12.2.1/thumb/v7e-m/nofp\libg.a(libc_a-mallocr.o)
 .bss.__malloc_top_pad
                0x00000000        0x4 c:/program files (x86)/arm gnu toolchain arm-none-eabi/12.2 mpacbti-rel1/bin/../lib/gcc/arm-none-eabi/12.2.1/thumb/v7e-m/nofp\libg.a(libc_a-mallocr.o)
 .data.__malloc_trim_threshold
                0x00000000        0x4 c:/program files (x86)/arm gnu toolchain arm-none-eabi/12.2 mpacbti-rel1/bin/../lib/gcc/arm-none-eabi/12.2.1/thumb/v7e-m/nofp\libg.a(libc_a-mallocr.o)
 .data.__malloc_av_
                0x00000000      0x408 c:/program files (x86)/arm gnu toolchain arm-none-eabi/12.2 mpacbti-rel1/bin/../lib/gcc/arm-none-eabi/12.2.1/thumb/v7e-m/nofp\libg.a(libc_a-mallocr.o)
 .debug_frame   0x00000000       0x48 c:/program files (x86)/arm gnu toolchain arm-none-eabi/12.2 mpacbti-rel1/bin/../lib/gcc/arm-none-eabi/12.2.1/thumb/v7e-m/nofp\libg.a(libc_a-mallocr.o)
 .ARM.attributes
                0x00000000       0x2e c:/program files (x86)/arm gnu toolchain arm-none-eabi/12.2 mpacbti-rel1/bin/../lib/gcc/arm-none-eabi/12.2.1/thumb/v7e-m/nofp\libg.a(libc_a-mallocr.o)
 .text          0x00000000        0x0 c:/program files (x86)/arm gnu toolchain arm-none-eabi/12.2 mpacbti-rel1/bin/../lib/gcc/arm-none-eabi/12.2.1/thumb/v7e-m/nofp\libg.a(libc_a-mlock.o)
 .data          0x00000000        0x0 c:/program files (x86)/arm gnu toolchain arm-none-eabi/12.2 mpacbti-rel1/bin/../lib/gcc/arm-none-eabi/12.2.1/thumb/v7e-m/nofp\libg.a(libc_a-mlock.o)
 .bss           0x00000000        0x0 c:/program files (x86)/arm gnu toolchain arm-none-eabi/12.2 mpacbti-rel1/bin/../lib/gcc/arm-none-eabi/12.2.1/thumb/v7e-m/nofp\libg.a(libc_a-mlock.o)
 .text.__malloc_lock
                0x00000000        0xc c:/program files (x86)/arm gnu toolchain arm-none-eabi/12.2 mpacbti-rel1/bin/../lib/gcc/arm-none-eabi/12.2.1/thumb/v7e-m/nofp\libg.a(libc_a-mlock.o)
 .text.__malloc_unlock
                0x00000000        0xc c:/program files (x86)/arm gnu toolchain arm-none-eabi/12.2 mpacbti-rel1/bin/../lib/gcc/arm-none-eabi/12.2.1/thumb/v7e-m/nofp\libg.a(libc_a-mlock.o)
 .debug_frame   0x00000000       0x30 c:/program files (x86)/arm gnu toolchain arm-none-eabi/12.2 mpacbti-rel1/bin/../lib/gcc/arm-none-eabi/12.2.1/thumb/v7e-m/nofp\libg.a(libc_a-mlock.o)
 .ARM.attributes
                0x00000000       0x2e c:/program files (x86)/arm gnu toolchain arm-none-eabi/12.2 mpacbti-rel1/bin/../lib/gcc/arm-none-eabi/12.2.1/thumb/v7e-m/nofp\libg.a(libc_a-mlock.o)
 .text          0x00000000        0x0 c:/program files (x86)/arm gnu toolchain arm-none-eabi/12.2 mpacbti-rel1/bin/../lib/gcc/arm-none-eabi/12.2.1/thumb/v7e-m/nofp\libg.a(libc_a-fclose.o)
 .data          0x00000000        0x0 c:/program files (x86)/arm gnu toolchain arm-none-eabi/12.2 mpacbti-rel1/bin/../lib/gcc/arm-none-eabi/12.2.1/thumb/v7e-m/nofp\libg.a(libc_a-fclose.o)
 .bss           0x00000000        0x0 c:/program files (x86)/arm gnu toolchain arm-none-eabi/12.2 mpacbti-rel1/bin/../lib/gcc/arm-none-eabi/12.2.1/thumb/v7e-m/nofp\libg.a(libc_a-fclose.o)
 .text._fclose_r
                0x00000000       0xc0 c:/program files (x86)/arm gnu toolchain arm-none-eabi/12.2 mpacbti-rel1/bin/../lib/gcc/arm-none-eabi/12.2.1/thumb/v7e-m/nofp\libg.a(libc_a-fclose.o)
 .text.fclose   0x00000000       0x10 c:/program files (x86)/arm gnu toolchain arm-none-eabi/12.2 mpacbti-rel1/bin/../lib/gcc/arm-none-eabi/12.2.1/thumb/v7e-m/nofp\libg.a(libc_a-fclose.o)
 .debug_frame   0x00000000       0x3c c:/program files (x86)/arm gnu toolchain arm-none-eabi/12.2 mpacbti-rel1/bin/../lib/gcc/arm-none-eabi/12.2.1/thumb/v7e-m/nofp\libg.a(libc_a-fclose.o)
 .ARM.attributes
                0x00000000       0x2e c:/program files (x86)/arm gnu toolchain arm-none-eabi/12.2 mpacbti-rel1/bin/../lib/gcc/arm-none-eabi/12.2.1/thumb/v7e-m/nofp\libg.a(libc_a-fclose.o)
 .text          0x00000000        0x0 c:/program files (x86)/arm gnu toolchain arm-none-eabi/12.2 mpacbti-rel1/bin/../lib/gcc/arm-none-eabi/12.2.1/thumb/v7e-m/nofp\libg.a(libc_a-fflush.o)
 .data          0x00000000        0x0 c:/program files (x86)/arm gnu toolchain arm-none-eabi/12.2 mpacbti-rel1/bin/../lib/gcc/arm-none-eabi/12.2.1/thumb/v7e-m/nofp\libg.a(libc_a-fflush.o)
 .bss           0x00000000        0x0 c:/program files (x86)/arm gnu toolchain arm-none-eabi/12.2 mpacbti-rel1/bin/../lib/gcc/arm-none-eabi/12.2.1/thumb/v7e-m/nofp\libg.a(libc_a-fflush.o)
 .text.__sflush_r
                0x00000000      0x128 c:/program files (x86)/arm gnu toolchain arm-none-eabi/12.2 mpacbti-rel1/bin/../lib/gcc/arm-none-eabi/12.2.1/thumb/v7e-m/nofp\libg.a(libc_a-fflush.o)
 .text._fflush_r
                0x00000000       0x54 c:/program files (x86)/arm gnu toolchain arm-none-eabi/12.2 mpacbti-rel1/bin/../lib/gcc/arm-none-eabi/12.2.1/thumb/v7e-m/nofp\libg.a(libc_a-fflush.o)
 .text.fflush   0x00000000       0x74 c:/program files (x86)/arm gnu toolchain arm-none-eabi/12.2 mpacbti-rel1/bin/../lib/gcc/arm-none-eabi/12.2.1/thumb/v7e-m/nofp\libg.a(libc_a-fflush.o)
 .debug_frame   0x00000000       0x70 c:/program files (x86)/arm gnu toolchain arm-none-eabi/12.2 mpacbti-rel1/bin/../lib/gcc/arm-none-eabi/12.2.1/thumb/v7e-m/nofp\libg.a(libc_a-fflush.o)
 .ARM.attributes
                0x00000000       0x2e c:/program files (x86)/arm gnu toolchain arm-none-eabi/12.2 mpacbti-rel1/bin/../lib/gcc/arm-none-eabi/12.2.1/thumb/v7e-m/nofp\libg.a(libc_a-fflush.o)
 .text          0x00000000        0x0 c:/program files (x86)/arm gnu toolchain arm-none-eabi/12.2 mpacbti-rel1/bin/../lib/gcc/arm-none-eabi/12.2.1/thumb/v7e-m/nofp\libg.a(libc_a-sbrkr.o)
 .data          0x00000000        0x0 c:/program files (x86)/arm gnu toolchain arm-none-eabi/12.2 mpacbti-rel1/bin/../lib/gcc/arm-none-eabi/12.2.1/thumb/v7e-m/nofp\libg.a(libc_a-sbrkr.o)
 .bss           0x00000000        0x0 c:/program files (x86)/arm gnu toolchain arm-none-eabi/12.2 mpacbti-rel1/bin/../lib/gcc/arm-none-eabi/12.2.1/thumb/v7e-m/nofp\libg.a(libc_a-sbrkr.o)
 .text._sbrk_r  0x00000000       0x24 c:/program files (x86)/arm gnu toolchain arm-none-eabi/12.2 mpacbti-rel1/bin/../lib/gcc/arm-none-eabi/12.2.1/thumb/v7e-m/nofp\libg.a(libc_a-sbrkr.o)
 .debug_frame   0x00000000       0x2c c:/program files (x86)/arm gnu toolchain arm-none-eabi/12.2 mpacbti-rel1/bin/../lib/gcc/arm-none-eabi/12.2.1/thumb/v7e-m/nofp\libg.a(libc_a-sbrkr.o)
 .ARM.attributes
                0x00000000       0x2e c:/program files (x86)/arm gnu toolchain arm-none-eabi/12.2 mpacbti-rel1/bin/../lib/gcc/arm-none-eabi/12.2.1/thumb/v7e-m/nofp\libg.a(libc_a-sbrkr.o)
 .text          0x00000000        0x0 c:/program files (x86)/arm gnu toolchain arm-none-eabi/12.2 mpacbti-rel1/bin/../lib/gcc/arm-none-eabi/12.2.1/thumb/v7e-m/nofp\libg.a(libc_a-fini.o)
 .data          0x00000000        0x0 c:/program files (x86)/arm gnu toolchain arm-none-eabi/12.2 mpacbti-rel1/bin/../lib/gcc/arm-none-eabi/12.2.1/thumb/v7e-m/nofp\libg.a(libc_a-fini.o)
 .bss           0x00000000        0x0 c:/program files (x86)/arm gnu toolchain arm-none-eabi/12.2 mpacbti-rel1/bin/../lib/gcc/arm-none-eabi/12.2.1/thumb/v7e-m/nofp\libg.a(libc_a-fini.o)
 .text          0x00000000        0x0 c:/program files (x86)/arm gnu toolchain arm-none-eabi/12.2 mpacbti-rel1/bin/../lib/gcc/arm-none-eabi/12.2.1/thumb/v7e-m/nofp\libg.a(libc_a-sysconf.o)
 .data          0x00000000        0x0 c:/program files (x86)/arm gnu toolchain arm-none-eabi/12.2 mpacbti-rel1/bin/../lib/gcc/arm-none-eabi/12.2.1/thumb/v7e-m/nofp\libg.a(libc_a-sysconf.o)
 .bss           0x00000000        0x0 c:/program files (x86)/arm gnu toolchain arm-none-eabi/12.2 mpacbti-rel1/bin/../lib/gcc/arm-none-eabi/12.2.1/thumb/v7e-m/nofp\libg.a(libc_a-sysconf.o)
 .text.sysconf  0x00000000       0x1c c:/program files (x86)/arm gnu toolchain arm-none-eabi/12.2 mpacbti-rel1/bin/../lib/gcc/arm-none-eabi/12.2.1/thumb/v7e-m/nofp\libg.a(libc_a-sysconf.o)
 .debug_frame   0x00000000       0x28 c:/program files (x86)/arm gnu toolchain arm-none-eabi/12.2 mpacbti-rel1/bin/../lib/gcc/arm-none-eabi/12.2.1/thumb/v7e-m/nofp\libg.a(libc_a-sysconf.o)
 .ARM.attributes
                0x00000000       0x2e c:/program files (x86)/arm gnu toolchain arm-none-eabi/12.2 mpacbti-rel1/bin/../lib/gcc/arm-none-eabi/12.2.1/thumb/v7e-m/nofp\libg.a(libc_a-sysconf.o)
 .text          0x00000000        0x0 c:/program files (x86)/arm gnu toolchain arm-none-eabi/12.2 mpacbti-rel1/bin/../lib/gcc/arm-none-eabi/12.2.1/thumb/v7e-m/nofp\libg.a(libc_a-__atexit.o)
 .data          0x00000000        0x0 c:/program files (x86)/arm gnu toolchain arm-none-eabi/12.2 mpacbti-rel1/bin/../lib/gcc/arm-none-eabi/12.2.1/thumb/v7e-m/nofp\libg.a(libc_a-__atexit.o)
 .bss           0x00000000        0x0 c:/program files (x86)/arm gnu toolchain arm-none-eabi/12.2 mpacbti-rel1/bin/../lib/gcc/arm-none-eabi/12.2.1/thumb/v7e-m/nofp\libg.a(libc_a-__atexit.o)
 .text          0x00000000        0x0 c:/program files (x86)/arm gnu toolchain arm-none-eabi/12.2 mpacbti-rel1/bin/../lib/gcc/arm-none-eabi/12.2.1/thumb/v7e-m/nofp\libg.a(libc_a-errno.o)
 .data          0x00000000        0x0 c:/program files (x86)/arm gnu toolchain arm-none-eabi/12.2 mpacbti-rel1/bin/../lib/gcc/arm-none-eabi/12.2.1/thumb/v7e-m/nofp\libg.a(libc_a-errno.o)
 .bss           0x00000000        0x0 c:/program files (x86)/arm gnu toolchain arm-none-eabi/12.2 mpacbti-rel1/bin/../lib/gcc/arm-none-eabi/12.2.1/thumb/v7e-m/nofp\libg.a(libc_a-errno.o)
 .text.__errno  0x00000000        0xc c:/program files (x86)/arm gnu toolchain arm-none-eabi/12.2 mpacbti-rel1/bin/../lib/gcc/arm-none-eabi/12.2.1/thumb/v7e-m/nofp\libg.a(libc_a-errno.o)
 .debug_frame   0x00000000       0x20 c:/program files (x86)/arm gnu toolchain arm-none-eabi/12.2 mpacbti-rel1/bin/../lib/gcc/arm-none-eabi/12.2.1/thumb/v7e-m/nofp\libg.a(libc_a-errno.o)
 .ARM.attributes
                0x00000000       0x2e c:/program files (x86)/arm gnu toolchain arm-none-eabi/12.2 mpacbti-rel1/bin/../lib/gcc/arm-none-eabi/12.2.1/thumb/v7e-m/nofp\libg.a(libc_a-errno.o)
 .text          0x00000000        0x0 c:/program files (x86)/arm gnu toolchain arm-none-eabi/12.2 mpacbti-rel1/bin/../lib/gcc/arm-none-eabi/12.2.1/thumb/v7e-m/nofp/crtend.o
 .data          0x00000000        0x0 c:/program files (x86)/arm gnu toolchain arm-none-eabi/12.2 mpacbti-rel1/bin/../lib/gcc/arm-none-eabi/12.2.1/thumb/v7e-m/nofp/crtend.o
 .bss           0x00000000        0x0 c:/program files (x86)/arm gnu toolchain arm-none-eabi/12.2 mpacbti-rel1/bin/../lib/gcc/arm-none-eabi/12.2.1/thumb/v7e-m/nofp/crtend.o
 .rodata.all_implied_fbits
                0x00000000       0x24 c:/program files (x86)/arm gnu toolchain arm-none-eabi/12.2 mpacbti-rel1/bin/../lib/gcc/arm-none-eabi/12.2.1/thumb/v7e-m/nofp/crtend.o
 .eh_frame      0x00000000        0x4 c:/program files (x86)/arm gnu toolchain arm-none-eabi/12.2 mpacbti-rel1/bin/../lib/gcc/arm-none-eabi/12.2.1/thumb/v7e-m/nofp/crtend.o
 .text          0x00000000        0x0 c:/program files (x86)/arm gnu toolchain arm-none-eabi/12.2 mpacbti-rel1/bin/../lib/gcc/arm-none-eabi/12.2.1/thumb/v7e-m/nofp/crtn.o
 .data          0x00000000        0x0 c:/program files (x86)/arm gnu toolchain arm-none-eabi/12.2 mpacbti-rel1/bin/../lib/gcc/arm-none-eabi/12.2.1/thumb/v7e-m/nofp/crtn.o
 .bss           0x00000000        0x0 c:/program files (x86)/arm gnu toolchain arm-none-eabi/12.2 mpacbti-rel1/bin/../lib/gcc/arm-none-eabi/12.2.1/thumb/v7e-m/nofp/crtn.o

Memory Configuration

Name             Origin             Length             Attributes
RAM              0x20000000         0x00020000         xrw
FLASH            0x08000000         0x00080000         xr
*default*        0x00000000         0xffffffff

Linker script and memory map

LOAD c:/program files (x86)/arm gnu toolchain arm-none-eabi/12.2 mpacbti-rel1/bin/../lib/gcc/arm-none-eabi/12.2.1/thumb/v7e-m/nofp/crti.o
LOAD c:/program files (x86)/arm gnu toolchain arm-none-eabi/12.2 mpacbti-rel1/bin/../lib/gcc/arm-none-eabi/12.2.1/thumb/v7e-m/nofp/crtbegin.o
LOAD c:/program files (x86)/arm gnu toolchain arm-none-eabi/12.2 mpacbti-rel1/bin/../lib/gcc/arm-none-eabi/12.2.1/thumb/v7e-m/nofp/crt0.o
LOAD main.o
LOAD startup.o
START GROUP
LOAD c:/program files (x86)/arm gnu toolchain arm-none-eabi/12.2 mpacbti-rel1/bin/../lib/gcc/arm-none-eabi/12.2.1/thumb/v7e-m/nofp\libgcc.a
LOAD c:/program files (x86)/arm gnu toolchain arm-none-eabi/12.2 mpacbti-rel1/bin/../lib/gcc/arm-none-eabi/12.2.1/thumb/v7e-m/nofp\libg.a
LOAD c:/program files (x86)/arm gnu toolchain arm-none-eabi/12.2 mpacbti-rel1/bin/../lib/gcc/arm-none-eabi/12.2.1/thumb/v7e-m/nofp\libc.a
END GROUP
LOAD c:/program files (x86)/arm gnu toolchain arm-none-eabi/12.2 mpacbti-rel1/bin/../lib/gcc/arm-none-eabi/12.2.1/thumb/v7e-m/nofp/crtend.o
LOAD c:/program files (x86)/arm gnu toolchain arm-none-eabi/12.2 mpacbti-rel1/bin/../lib/gcc/arm-none-eabi/12.2.1/thumb/v7e-m/nofp/crtn.o
                0x20020000                        _estack = (ORIGIN (RAM) + LENGTH (RAM))
                0x00000200                        _Min_Heap_Size = 0x200
                0x00000400                        _Min_Stack_Size = 0x400

.isr_vector     0x08000000      0x198
                0x08000000                        . = ALIGN (0x4)
 *(.isr_vector)
 .isr_vector    0x08000000      0x198 startup.o
                0x08000000                g_pfnVectors
                0x08000198                        . = ALIGN (0x4)

.text           0x08000198      0x624
                0x08000198                        . = ALIGN (0x4)
 *(.text)
 .text          0x08000198      0x2d8 main.o
                0x08000198                led_init
                0x080001f0                led_ctrl
                0x08000240                button_init
                0x0800028c                button_get_state
                0x080002b4                SysTick_Handler
                0x080002d0                systick_int
                0x08000304                delay_ms
                0x08000330                exti0_init
                0x08000368                envic_enable_exti0
                0x0800038c                function1
                0x080003bc                SystemInit
                0x080003c8                main
 .text          0x08000470      0x134 c:/program files (x86)/arm gnu toolchain arm-none-eabi/12.2 mpacbti-rel1/bin/../lib/gcc/arm-none-eabi/12.2.1/thumb/v7e-m/nofp\libg.a(libc_a-memcpy.o)
                0x08000470                memcpy
 *(.text*)
 .text.deregister_tm_clones
                0x080005a4       0x1c c:/program files (x86)/arm gnu toolchain arm-none-eabi/12.2 mpacbti-rel1/bin/../lib/gcc/arm-none-eabi/12.2.1/thumb/v7e-m/nofp/crtbegin.o
 .text.register_tm_clones
                0x080005c0       0x24 c:/program files (x86)/arm gnu toolchain arm-none-eabi/12.2 mpacbti-rel1/bin/../lib/gcc/arm-none-eabi/12.2.1/thumb/v7e-m/nofp/crtbegin.o
 .text.__do_global_dtors_aux
                0x080005e4       0x28 c:/program files (x86)/arm gnu toolchain arm-none-eabi/12.2 mpacbti-rel1/bin/../lib/gcc/arm-none-eabi/12.2.1/thumb/v7e-m/nofp/crtbegin.o
 .text.frame_dummy
                0x0800060c       0x24 c:/program files (x86)/arm gnu toolchain arm-none-eabi/12.2 mpacbti-rel1/bin/../lib/gcc/arm-none-eabi/12.2.1/thumb/v7e-m/nofp/crtbegin.o
 .text.Reset_Handler
                0x08000630       0x50 startup.o
                0x08000630                Reset_Handler
 .text.Default_Handler
                0x08000680        0x2 startup.o
                0x08000680                RTC_Alarm_IRQHandler
                0x08000680                EXTI2_IRQHandler
                0x08000680                DebugMon_Handler
                0x08000680                SPI4_IRQHandler
                0x08000680                TIM1_CC_IRQHandler
                0x08000680                DMA2_Stream5_IRQHandler
                0x08000680                HardFault_Handler
                0x08000680                DMA1_Stream5_IRQHandler
                0x08000680                PVD_IRQHandler
                0x08000680                SDIO_IRQHandler
                0x08000680                TAMP_STAMP_IRQHandler
                0x08000680                PendSV_Handler
                0x08000680                NMI_Handler
                0x08000680                EXTI3_IRQHandler
                0x08000680                TIM1_UP_TIM10_IRQHandler
                0x08000680                I2C3_ER_IRQHandler
                0x08000680                EXTI0_IRQHandler
                0x08000680                I2C2_EV_IRQHandler
                0x08000680                DMA1_Stream2_IRQHandler
                0x08000680                FPU_IRQHandler
                0x08000680                UsageFault_Handler
                0x08000680                DMA2_Stream2_IRQHandler
                0x08000680                SPI1_IRQHandler
                0x08000680                TIM1_BRK_TIM9_IRQHandler
                0x08000680                DMA2_Stream3_IRQHandler
                0x08000680                USART6_IRQHandler
                0x08000680                DMA2_Stream0_IRQHandler
                0x08000680                TIM4_IRQHandler
                0x08000680                I2C1_EV_IRQHandler
                0x08000680                DMA1_Stream6_IRQHandler
                0x08000680                DMA1_Stream1_IRQHandler
                0x08000680                TIM3_IRQHandler
                0x08000680                RCC_IRQHandler
                0x08000680                Default_Handler
                0x08000680                EXTI15_10_IRQHandler
                0x08000680                ADC_IRQHandler
                0x08000680                DMA1_Stream7_IRQHandler
                0x08000680                SPI5_IRQHandler
                0x08000680                TIM5_IRQHandler
                0x08000680                DMA2_Stream7_IRQHandler
                0x08000680                I2C3_EV_IRQHandler
                0x08000680                EXTI9_5_IRQHandler
                0x08000680                RTC_WKUP_IRQHandler
                0x08000680                SPI2_IRQHandler
                0x08000680                MemManage_Handler
                0x08000680                DMA1_Stream0_IRQHandler
                0x08000680                SVC_Handler
                0x08000680                EXTI4_IRQHandler
                0x08000680                WWDG_IRQHandler
                0x08000680                TIM2_IRQHandler
                0x08000680                OTG_FS_WKUP_IRQHandler
                0x08000680                TIM1_TRG_COM_TIM11_IRQHandler
                0x08000680                EXTI1_IRQHandler
                0x08000680                USART2_IRQHandler
                0x08000680                I2C2_ER_IRQHandler
                0x08000680                DMA2_Stream1_IRQHandler
                0x08000680                FLASH_IRQHandler
                0x08000680                DMA2_Stream4_IRQHandler
                0x08000680                BusFault_Handler
                0x08000680                USART1_IRQHandler
                0x08000680                OTG_FS_IRQHandler
                0x08000680                SPI3_IRQHandler
                0x08000680                DMA1_Stream4_IRQHandler
                0x08000680                I2C1_ER_IRQHandler
                0x08000680                DMA2_Stream6_IRQHandler
                0x08000680                DMA1_Stream3_IRQHandler
 *fill*         0x08000682        0x2 
 .text.__libc_init_array
                0x08000684       0x50 c:/program files (x86)/arm gnu toolchain arm-none-eabi/12.2 mpacbti-rel1/bin/../lib/gcc/arm-none-eabi/12.2.1/thumb/v7e-m/nofp\libg.a(libc_a-init.o)
                0x08000684                __libc_init_array
 .text.__retarget_lock_acquire_recursive
                0x080006d4        0x4 c:/program files (x86)/arm gnu toolchain arm-none-eabi/12.2 mpacbti-rel1/bin/../lib/gcc/arm-none-eabi/12.2.1/thumb/v7e-m/nofp\libg.a(libc_a-lock.o)
                0x080006d4                __retarget_lock_acquire_recursive
 .text.__retarget_lock_release_recursive
                0x080006d8        0x4 c:/program files (x86)/arm gnu toolchain arm-none-eabi/12.2 mpacbti-rel1/bin/../lib/gcc/arm-none-eabi/12.2.1/thumb/v7e-m/nofp\libg.a(libc_a-lock.o)
                0x080006d8                __retarget_lock_release_recursive
 .text.startup.register_fini
                0x080006dc       0x14 c:/program files (x86)/arm gnu toolchain arm-none-eabi/12.2 mpacbti-rel1/bin/../lib/gcc/arm-none-eabi/12.2.1/thumb/v7e-m/nofp\libg.a(libc_a-__call_atexit.o)
 .text.atexit   0x080006f0        0xc c:/program files (x86)/arm gnu toolchain arm-none-eabi/12.2 mpacbti-rel1/bin/../lib/gcc/arm-none-eabi/12.2.1/thumb/v7e-m/nofp\libg.a(libc_a-atexit.o)
                0x080006f0                atexit
 .text.__libc_fini_array
                0x080006fc       0x28 c:/program files (x86)/arm gnu toolchain arm-none-eabi/12.2 mpacbti-rel1/bin/../lib/gcc/arm-none-eabi/12.2.1/thumb/v7e-m/nofp\libg.a(libc_a-fini.o)
                0x080006fc                __libc_fini_array
 .text.__register_exitproc
                0x08000724       0x80 c:/program files (x86)/arm gnu toolchain arm-none-eabi/12.2 mpacbti-rel1/bin/../lib/gcc/arm-none-eabi/12.2.1/thumb/v7e-m/nofp\libg.a(libc_a-__atexit.o)
                0x08000724                __register_exitproc
 *(.glue_7)
 .glue_7        0x080007a4        0x0 linker stubs
 *(.glue_7t)
 .glue_7t       0x080007a4        0x0 linker stubs
 *(.eh_frame)
 .eh_frame      0x080007a4        0x0 c:/program files (x86)/arm gnu toolchain arm-none-eabi/12.2 mpacbti-rel1/bin/../lib/gcc/arm-none-eabi/12.2.1/thumb/v7e-m/nofp/crtbegin.o
 *(.init)
 .init          0x080007a4        0x4 c:/program files (x86)/arm gnu toolchain arm-none-eabi/12.2 mpacbti-rel1/bin/../lib/gcc/arm-none-eabi/12.2.1/thumb/v7e-m/nofp/crti.o
                0x080007a4                _init
 .init          0x080007a8        0x8 c:/program files (x86)/arm gnu toolchain arm-none-eabi/12.2 mpacbti-rel1/bin/../lib/gcc/arm-none-eabi/12.2.1/thumb/v7e-m/nofp/crtn.o
 *(.fini)
 .fini          0x080007b0        0x4 c:/program files (x86)/arm gnu toolchain arm-none-eabi/12.2 mpacbti-rel1/bin/../lib/gcc/arm-none-eabi/12.2.1/thumb/v7e-m/nofp/crti.o
                0x080007b0                _fini
 .fini          0x080007b4        0x8 c:/program files (x86)/arm gnu toolchain arm-none-eabi/12.2 mpacbti-rel1/bin/../lib/gcc/arm-none-eabi/12.2.1/thumb/v7e-m/nofp/crtn.o
                0x080007bc                        . = ALIGN (0x4)
                0x080007bc                        _etext = .

.vfp11_veneer   0x080007bc        0x0
 .vfp11_veneer  0x080007bc        0x0 linker stubs

.v4_bx          0x080007bc        0x0
 .v4_bx         0x080007bc        0x0 linker stubs

.iplt           0x080007bc        0x0
 .iplt          0x080007bc        0x0 c:/program files (x86)/arm gnu toolchain arm-none-eabi/12.2 mpacbti-rel1/bin/../lib/gcc/arm-none-eabi/12.2.1/thumb/v7e-m/nofp/crtbegin.o

.rodata         0x080007bc        0x0
                0x080007bc                        . = ALIGN (0x4)
 *(.rodata)
 *(.rodata*)
                0x080007bc                        . = ALIGN (0x4)

.ARM.extab      0x080007bc        0x0
                0x080007bc                        . = ALIGN (0x4)
 *(.ARM.extab* .gnu.linkonce.armextab.*)
                0x080007bc                        . = ALIGN (0x4)

.ARM            0x080007bc        0x8
                0x080007bc                        . = ALIGN (0x4)
                0x080007bc                        __exidx_start = .
 *(.ARM.exidx*)
 .ARM.exidx     0x080007bc        0x8 c:/program files (x86)/arm gnu toolchain arm-none-eabi/12.2 mpacbti-rel1/bin/../lib/gcc/arm-none-eabi/12.2.1/thumb/v7e-m/nofp\libg.a(libc_a-memcpy.o)
                0x080007c4                        __exidx_end = .
                0x080007c4                        . = ALIGN (0x4)

.rel.dyn        0x080007c4        0x0
 .rel.iplt      0x080007c4        0x0 c:/program files (x86)/arm gnu toolchain arm-none-eabi/12.2 mpacbti-rel1/bin/../lib/gcc/arm-none-eabi/12.2.1/thumb/v7e-m/nofp/crtbegin.o

.preinit_array  0x080007c4        0x0
                0x080007c4                        . = ALIGN (0x4)
                0x080007c4                        PROVIDE (__preinit_array_start = .)
 *(.preinit_array*)
                0x080007c4                        PROVIDE (__preinit_array_end = .)
                0x080007c4                        . = ALIGN (0x4)

.init_array     0x080007c4        0x8
                0x080007c4                        . = ALIGN (0x4)
                0x080007c4                        PROVIDE (__init_array_start = .)
 *(SORT_BY_NAME(.init_array.*))
 .init_array.00000
                0x080007c4        0x4 c:/program files (x86)/arm gnu toolchain arm-none-eabi/12.2 mpacbti-rel1/bin/../lib/gcc/arm-none-eabi/12.2.1/thumb/v7e-m/nofp\libg.a(libc_a-__call_atexit.o)
 *(.init_array*)
 .init_array    0x080007c8        0x4 c:/program files (x86)/arm gnu toolchain arm-none-eabi/12.2 mpacbti-rel1/bin/../lib/gcc/arm-none-eabi/12.2.1/thumb/v7e-m/nofp/crtbegin.o
                0x080007cc                        PROVIDE (__init_array_end = .)
                0x080007cc                        . = ALIGN (0x4)

.fini_array     0x080007cc        0x4
                0x080007cc                        . = ALIGN (0x4)
                0x080007cc                        PROVIDE (__fini_array_start = .)
 *(SORT_BY_NAME(.fini_array.*))
 *(.fini_array*)
 .fini_array    0x080007cc        0x4 c:/program files (x86)/arm gnu toolchain arm-none-eabi/12.2 mpacbti-rel1/bin/../lib/gcc/arm-none-eabi/12.2.1/thumb/v7e-m/nofp/crtbegin.o
                0x080007d0                        PROVIDE (__fini_array_end = .)
                0x080007d0                        . = ALIGN (0x4)
                0x080007d0                        _sidata = LOADADDR (.data)

.data           0x20000000        0x4 load address 0x080007d0
                0x20000000                        . = ALIGN (0x4)
                0x20000000                        _sdata = .
 *(.data)
 *(.data*)
 .data.__atexit_recursive_mutex
                0x20000000        0x4 c:/program files (x86)/arm gnu toolchain arm-none-eabi/12.2 mpacbti-rel1/bin/../lib/gcc/arm-none-eabi/12.2.1/thumb/v7e-m/nofp\libg.a(libc_a-__call_atexit.o)
                0x20000000                __atexit_recursive_mutex
 *(.RamFunc)
 *(.RamFunc*)
 *(.FuncInRam)
                0x20000004                        . = ALIGN (0x4)
                0x20000004                        _edata = .

.tm_clone_table
                0x20000004        0x0 load address 0x080007d4
 .tm_clone_table
                0x20000004        0x0 c:/program files (x86)/arm gnu toolchain arm-none-eabi/12.2 mpacbti-rel1/bin/../lib/gcc/arm-none-eabi/12.2.1/thumb/v7e-m/nofp/crtbegin.o
 .tm_clone_table
                0x20000004        0x0 c:/program files (x86)/arm gnu toolchain arm-none-eabi/12.2 mpacbti-rel1/bin/../lib/gcc/arm-none-eabi/12.2.1/thumb/v7e-m/nofp/crtend.o

.igot.plt       0x20000004        0x0 load address 0x080007d4
 .igot.plt      0x20000004        0x0 c:/program files (x86)/arm gnu toolchain arm-none-eabi/12.2 mpacbti-rel1/bin/../lib/gcc/arm-none-eabi/12.2.1/thumb/v7e-m/nofp/crtbegin.o
                0x20000004                        . = ALIGN (0x4)

.bss            0x20000004      0x1b8 load address 0x080007d4
                0x20000004                        _sbss = .
                0x20000004                        __bss_start__ = _sbss
 *(.bss)
 .bss           0x20000004        0x6 main.o
                0x20000004                systick_cnt
                0x20000008                button_flag
 *(.bss*)
 .bss.completed.1
                0x2000000a        0x1 c:/program files (x86)/arm gnu toolchain arm-none-eabi/12.2 mpacbti-rel1/bin/../lib/gcc/arm-none-eabi/12.2.1/thumb/v7e-m/nofp/crtbegin.o
 *fill*         0x2000000b        0x1 
 .bss.object.0  0x2000000c       0x18 c:/program files (x86)/arm gnu toolchain arm-none-eabi/12.2 mpacbti-rel1/bin/../lib/gcc/arm-none-eabi/12.2.1/thumb/v7e-m/nofp/crtbegin.o
 .bss.__lock___atexit_recursive_mutex
                0x20000024        0x1 c:/program files (x86)/arm gnu toolchain arm-none-eabi/12.2 mpacbti-rel1/bin/../lib/gcc/arm-none-eabi/12.2.1/thumb/v7e-m/nofp\libg.a(libc_a-lock.o)
                0x20000024                __lock___atexit_recursive_mutex
 *fill*         0x20000025        0x3 
 .bss.__atexit  0x20000028        0x4 c:/program files (x86)/arm gnu toolchain arm-none-eabi/12.2 mpacbti-rel1/bin/../lib/gcc/arm-none-eabi/12.2.1/thumb/v7e-m/nofp\libg.a(libc_a-__call_atexit.o)
                0x20000028                __atexit
 .bss.__atexit0
                0x2000002c      0x190 c:/program files (x86)/arm gnu toolchain arm-none-eabi/12.2 mpacbti-rel1/bin/../lib/gcc/arm-none-eabi/12.2.1/thumb/v7e-m/nofp\libg.a(libc_a-__atexit.o)
                0x2000002c                __atexit0
 *(COMMON)
                0x200001bc                        . = ALIGN (0x4)
                0x200001bc                        _ebss = .
                0x200001bc                        __bss_end__ = _ebss

._user_heap_stack
                0x200001bc      0x604 load address 0x080007d4
                0x200001c0                        . = ALIGN (0x8)
 *fill*         0x200001bc        0x4 
                [!provide]                        PROVIDE (end = .)
                [!provide]                        PROVIDE (_end = .)
                0x200003c0                        . = (. + _Min_Heap_Size)
 *fill*         0x200001c0      0x200 
                0x200007c0                        . = (. + _Min_Stack_Size)
 *fill*         0x200003c0      0x400 
                0x200007c0                        . = ALIGN (0x8)

/DISCARD/
 libc.a(*)
 libm.a(*)
 libgcc.a(*)

.ARM.attributes
                0x00000000       0x2a
 *(.ARM.attributes)
 .ARM.attributes
                0x00000000       0x1e c:/program files (x86)/arm gnu toolchain arm-none-eabi/12.2 mpacbti-rel1/bin/../lib/gcc/arm-none-eabi/12.2.1/thumb/v7e-m/nofp/crti.o
 .ARM.attributes
                0x0000001e       0x2e c:/program files (x86)/arm gnu toolchain arm-none-eabi/12.2 mpacbti-rel1/bin/../lib/gcc/arm-none-eabi/12.2.1/thumb/v7e-m/nofp/crtbegin.o
 .ARM.attributes
                0x0000004c       0x2e main.o
 .ARM.attributes
                0x0000007a       0x21 startup.o
 .ARM.attributes
                0x0000009b       0x2e c:/program files (x86)/arm gnu toolchain arm-none-eabi/12.2 mpacbti-rel1/bin/../lib/gcc/arm-none-eabi/12.2.1/thumb/v7e-m/nofp\libg.a(libc_a-init.o)
 .ARM.attributes
                0x000000c9       0x2e c:/program files (x86)/arm gnu toolchain arm-none-eabi/12.2 mpacbti-rel1/bin/../lib/gcc/arm-none-eabi/12.2.1/thumb/v7e-m/nofp\libg.a(libc_a-lock.o)
 .ARM.attributes
                0x000000f7       0x1c c:/program files (x86)/arm gnu toolchain arm-none-eabi/12.2 mpacbti-rel1/bin/../lib/gcc/arm-none-eabi/12.2.1/thumb/v7e-m/nofp\libg.a(libc_a-memcpy.o)
 .ARM.attributes
                0x00000113       0x2e c:/program files (x86)/arm gnu toolchain arm-none-eabi/12.2 mpacbti-rel1/bin/../lib/gcc/arm-none-eabi/12.2.1/thumb/v7e-m/nofp\libg.a(libc_a-__call_atexit.o)
 .ARM.attributes
                0x00000141       0x2e c:/program files (x86)/arm gnu toolchain arm-none-eabi/12.2 mpacbti-rel1/bin/../lib/gcc/arm-none-eabi/12.2.1/thumb/v7e-m/nofp\libg.a(libc_a-atexit.o)
 .ARM.attributes
                0x0000016f       0x2e c:/program files (x86)/arm gnu toolchain arm-none-eabi/12.2 mpacbti-rel1/bin/../lib/gcc/arm-none-eabi/12.2.1/thumb/v7e-m/nofp\libg.a(libc_a-fini.o)
 .ARM.attributes
                0x0000019d       0x2e c:/program files (x86)/arm gnu toolchain arm-none-eabi/12.2 mpacbti-rel1/bin/../lib/gcc/arm-none-eabi/12.2.1/thumb/v7e-m/nofp\libg.a(libc_a-__atexit.o)
 .ARM.attributes
                0x000001cb       0x2e c:/program files (x86)/arm gnu toolchain arm-none-eabi/12.2 mpacbti-rel1/bin/../lib/gcc/arm-none-eabi/12.2.1/thumb/v7e-m/nofp/crtend.o
 .ARM.attributes
                0x000001f9       0x1e c:/program files (x86)/arm gnu toolchain arm-none-eabi/12.2 mpacbti-rel1/bin/../lib/gcc/arm-none-eabi/12.2.1/thumb/v7e-m/nofp/crtn.o
OUTPUT(fw.elf elf32-littlearm)
LOAD linker stubs
LOAD c:/program files (x86)/arm gnu toolchain arm-none-eabi/12.2 mpacbti-rel1/bin/../lib/gcc/arm-none-eabi/12.2.1/thumb/v7e-m/nofp\libc.a
LOAD c:/program files (x86)/arm gnu toolchain arm-none-eabi/12.2 mpacbti-rel1/bin/../lib/gcc/arm-none-eabi/12.2.1/thumb/v7e-m/nofp\libm.a
LOAD c:/program files (x86)/arm gnu toolchain arm-none-eabi/12.2 mpacbti-rel1/bin/../lib/gcc/arm-none-eabi/12.2.1/thumb/v7e-m/nofp\libgcc.a

.debug_info     0x00000000      0x39a
 .debug_info    0x00000000      0x36a main.o
 .debug_info    0x0000036a       0x30 startup.o

.debug_abbrev   0x00000000      0x1a9
 .debug_abbrev  0x00000000      0x185 main.o
 .debug_abbrev  0x00000185       0x24 startup.o

.debug_aranges  0x00000000       0x48
 .debug_aranges
                0x00000000       0x20 main.o
 .debug_aranges
                0x00000020       0x28 startup.o

.debug_line     0x00000000      0x3a0
 .debug_line    0x00000000      0x32a main.o
 .debug_line    0x0000032a       0x76 startup.o

.debug_str      0x00000000      0x2a1
 .debug_str     0x00000000      0x26d main.o
                                0x2b5 (size before relaxing)
 .debug_str     0x0000026d       0x34 startup.o
                                 0x48 (size before relaxing)

.comment        0x00000000       0x55
 .comment       0x00000000       0x55 main.o
                                 0x56 (size before relaxing)

.debug_frame    0x00000000      0x398
 .debug_frame   0x00000000      0x1d8 main.o
 .debug_frame   0x000001d8       0x2c c:/program files (x86)/arm gnu toolchain arm-none-eabi/12.2 mpacbti-rel1/bin/../lib/gcc/arm-none-eabi/12.2.1/thumb/v7e-m/nofp\libg.a(libc_a-init.o)
 .debug_frame   0x00000204       0xb0 c:/program files (x86)/arm gnu toolchain arm-none-eabi/12.2 mpacbti-rel1/bin/../lib/gcc/arm-none-eabi/12.2.1/thumb/v7e-m/nofp\libg.a(libc_a-lock.o)
 .debug_frame   0x000002b4       0x5c c:/program files (x86)/arm gnu toolchain arm-none-eabi/12.2 mpacbti-rel1/bin/../lib/gcc/arm-none-eabi/12.2.1/thumb/v7e-m/nofp\libg.a(libc_a-__call_atexit.o)
 .debug_frame   0x00000310       0x20 c:/program files (x86)/arm gnu toolchain arm-none-eabi/12.2 mpacbti-rel1/bin/../lib/gcc/arm-none-eabi/12.2.1/thumb/v7e-m/nofp\libg.a(libc_a-atexit.o)
 .debug_frame   0x00000330       0x34 c:/program files (x86)/arm gnu toolchain arm-none-eabi/12.2 mpacbti-rel1/bin/../lib/gcc/arm-none-eabi/12.2.1/thumb/v7e-m/nofp\libg.a(libc_a-fini.o)
 .debug_frame   0x00000364       0x34 c:/program files (x86)/arm gnu toolchain arm-none-eabi/12.2 mpacbti-rel1/bin/../lib/gcc/arm-none-eabi/12.2.1/thumb/v7e-m/nofp\libg.a(libc_a-__atexit.o)

.debug_line_str
                0x00000000      0x11c
 .debug_line_str
                0x00000000       0x2c startup.o
 .debug_line_str
                0x0000002c       0xf0 c:/program files (x86)/arm gnu toolchain arm-none-eabi/12.2 mpacbti-rel1/bin/../lib/gcc/arm-none-eabi/12.2.1/thumb/v7e-m/nofp\libg.a(libc_a-memcpy.o)

.debug_rnglists
                0x00000000       0x19
 .debug_rnglists
                0x00000000       0x19 startup.o
